2026-04-04T23:59:23+00:00 localhost kernel: Linux version 6.19.2-hadron (root@buildkitsandbox) (gcc (GCC) 14.3.0, GNU ld (GNU Binutils) 2.46.0.20260210) #1 SMP PREEMPT_DYNAMIC Thu Feb 26 10:38:01 UTC 2026
2026-04-04T23:59:23+00:00 localhost kernel: Command line: BOOT_IMAGE=(loop0)/boot/vmlinuz console=ttyS0 console=tty1 net.ifnames=1 rd.cos.oemlabel=COS_OEM rd.cos.oemtimeout=10 panic=5 rd.emergency=reboot rd.shell=0 systemd.crash_reboot=yes root=LABEL=COS_ACTIVE cos-img/filename=/cOS/active.img selinux=0
2026-04-04T23:59:23+00:00 localhost kernel: BIOS-provided physical RAM map:
2026-04-04T23:59:23+00:00 localhost kernel: BIOS-e820: [mem 0x0000000000000000-0x000000000009fbff] usable
2026-04-04T23:59:23+00:00 localhost kernel: BIOS-e820: [mem 0x000000000009fc00-0x000000000009ffff] reserved
2026-04-04T23:59:23+00:00 localhost kernel: BIOS-e820: [mem 0x00000000000f0000-0x00000000000fffff] reserved
2026-04-04T23:59:23+00:00 localhost kernel: BIOS-e820: [mem 0x0000000000100000-0x00000000bffc9fff] usable
2026-04-04T23:59:23+00:00 localhost kernel: BIOS-e820: [mem 0x00000000bffca000-0x00000000bfffffff] reserved
2026-04-04T23:59:23+00:00 localhost kernel: BIOS-e820: [mem 0x00000000feffc000-0x00000000feffffff] reserved
2026-04-04T23:59:23+00:00 localhost kernel: BIOS-e820: [mem 0x00000000fffc0000-0x00000000ffffffff] reserved
2026-04-04T23:59:23+00:00 localhost kernel: BIOS-e820: [mem 0x0000000100000000-0x000000013fffffff] usable
2026-04-04T23:59:23+00:00 localhost kernel: BIOS-e820: [mem 0x000000fd00000000-0x000000ffffffffff] reserved
2026-04-04T23:59:23+00:00 localhost kernel: NX (Execute Disable) protection: active
2026-04-04T23:59:23+00:00 localhost kernel: APIC: Static calls initialized
2026-04-04T23:59:23+00:00 localhost kernel: SMBIOS 3.0.0 present.
2026-04-04T23:59:23+00:00 localhost kernel: DMI: QEMU Ubuntu 24.04 PC v2 (i440FX + PIIX, arch_caps fix, 1996), BIOS 1.16.3-debian-1.16.3-2 04/01/2014
2026-04-04T23:59:23+00:00 localhost kernel: DMI: Memory slots populated: 1/1
2026-04-04T23:59:23+00:00 localhost kernel: Hypervisor detected: KVM
2026-04-04T23:59:23+00:00 localhost kernel: last_pfn = 0xbffca max_arch_pfn = 0x400000000
2026-04-04T23:59:23+00:00 localhost kernel: kvm-clock: Using msrs 4b564d01 and 4b564d00
2026-04-04T23:59:23+00:00 localhost kernel: kvm-clock: using sched offset of 81783194529 cycles
2026-04-04T23:59:23+00:00 localhost kernel: clocksource: kvm-clock: mask: 0xffffffffffffffff max_cycles: 0x1cd42e4dffb, max_idle_ns: 881590591483 ns
2026-04-04T23:59:23+00:00 localhost kernel: tsc: Detected 4291.948 MHz processor
2026-04-04T23:59:23+00:00 localhost kernel: e820: update [mem 0x00000000-0x00000fff] usable ==> reserved
2026-04-04T23:59:23+00:00 localhost kernel: e820: remove [mem 0x000a0000-0x000fffff] usable
2026-04-04T23:59:23+00:00 localhost kernel: last_pfn = 0x140000 max_arch_pfn = 0x400000000
2026-04-04T23:59:23+00:00 localhost kernel: MTRR map: 4 entries (3 fixed + 1 variable; max 19), built from 8 variable MTRRs
2026-04-04T23:59:23+00:00 localhost kernel: x86/PAT: Configuration [0-7]: WB  WC  UC- UC  WB  WP  UC- WT  
2026-04-04T23:59:23+00:00 localhost kernel: last_pfn = 0xbffca max_arch_pfn = 0x400000000
2026-04-04T23:59:23+00:00 localhost kernel: found SMP MP-table at [mem 0x000f5460-0x000f546f]
2026-04-04T23:59:23+00:00 localhost kernel: RAMDISK: [mem 0x3103f000-0x34816fff]
2026-04-04T23:59:23+00:00 localhost kernel: ACPI: Early table checksum verification disabled
2026-04-04T23:59:23+00:00 localhost kernel: ACPI: RSDP 0x00000000000F5250 000014 (v00 BOCHS )
2026-04-04T23:59:23+00:00 localhost kernel: ACPI: RSDT 0x00000000BFFD1F85 000038 (v01 BOCHS  BXPC     00000001 BXPC 00000001)
2026-04-04T23:59:23+00:00 localhost kernel: ACPI: FACP 0x00000000BFFD1DE5 000074 (v01 BOCHS  BXPC     00000001 BXPC 00000001)
2026-04-04T23:59:23+00:00 localhost kernel: ACPI: DSDT 0x00000000BFFD0040 001DA5 (v01 BOCHS  BXPC     00000001 BXPC 00000001)
2026-04-04T23:59:23+00:00 localhost kernel: ACPI: FACS 0x00000000BFFD0000 000040
2026-04-04T23:59:23+00:00 localhost kernel: ACPI: APIC 0x00000000BFFD1E59 000080 (v03 BOCHS  BXPC     00000001 BXPC 00000001)
2026-04-04T23:59:23+00:00 localhost kernel: ACPI: HPET 0x00000000BFFD1ED9 000038 (v01 BOCHS  BXPC     00000001 BXPC 00000001)
2026-04-04T23:59:23+00:00 localhost kernel: ACPI: TPM2 0x00000000BFFD1F11 00004C (v04 BOCHS  BXPC     00000001 BXPC 00000001)
2026-04-04T23:59:23+00:00 localhost kernel: ACPI: WAET 0x00000000BFFD1F5D 000028 (v01 BOCHS  BXPC     00000001 BXPC 00000001)
2026-04-04T23:59:23+00:00 localhost kernel: ACPI: Reserving FACP table memory at [mem 0xbffd1de5-0xbffd1e58]
2026-04-04T23:59:23+00:00 localhost kernel: ACPI: Reserving DSDT table memory at [mem 0xbffd0040-0xbffd1de4]
2026-04-04T23:59:23+00:00 localhost kernel: ACPI: Reserving FACS table memory at [mem 0xbffd0000-0xbffd003f]
2026-04-04T23:59:23+00:00 localhost kernel: ACPI: Reserving APIC table memory at [mem 0xbffd1e59-0xbffd1ed8]
2026-04-04T23:59:23+00:00 localhost kernel: ACPI: Reserving HPET table memory at [mem 0xbffd1ed9-0xbffd1f10]
2026-04-04T23:59:23+00:00 localhost kernel: ACPI: Reserving TPM2 table memory at [mem 0xbffd1f11-0xbffd1f5c]
2026-04-04T23:59:23+00:00 localhost kernel: ACPI: Reserving WAET table memory at [mem 0xbffd1f5d-0xbffd1f84]
2026-04-04T23:59:23+00:00 localhost kernel: No NUMA configuration found
2026-04-04T23:59:23+00:00 localhost kernel: Faking a node at [mem 0x0000000000000000-0x000000013fffffff]
2026-04-04T23:59:23+00:00 localhost kernel: NODE_DATA(0) allocated [mem 0x13ffd2280-0x13fffcfff]
2026-04-04T23:59:23+00:00 localhost kernel: Zone ranges:
2026-04-04T23:59:23+00:00 localhost kernel:   DMA      [mem 0x0000000000001000-0x0000000000ffffff]
2026-04-04T23:59:23+00:00 localhost kernel:   DMA32    [mem 0x0000000001000000-0x00000000ffffffff]
2026-04-04T23:59:23+00:00 localhost kernel:   Normal   [mem 0x0000000100000000-0x000000013fffffff]
2026-04-04T23:59:23+00:00 localhost kernel:   Device   empty
2026-04-04T23:59:23+00:00 localhost kernel: Movable zone start for each node
2026-04-04T23:59:23+00:00 localhost kernel: Early memory node ranges
2026-04-04T23:59:23+00:00 localhost kernel:   node   0: [mem 0x0000000000001000-0x000000000009efff]
2026-04-04T23:59:23+00:00 localhost kernel:   node   0: [mem 0x0000000000100000-0x00000000bffc9fff]
2026-04-04T23:59:23+00:00 localhost kernel:   node   0: [mem 0x0000000100000000-0x000000013fffffff]
2026-04-04T23:59:23+00:00 localhost kernel: Initmem setup node 0 [mem 0x0000000000001000-0x000000013fffffff]
2026-04-04T23:59:23+00:00 localhost kernel: On node 0, zone DMA: 1 pages in unavailable ranges
2026-04-04T23:59:23+00:00 localhost kernel: On node 0, zone DMA: 97 pages in unavailable ranges
2026-04-04T23:59:23+00:00 localhost kernel: On node 0, zone Normal: 54 pages in unavailable ranges
2026-04-04T23:59:23+00:00 localhost kernel: ACPI: PM-Timer IO Port: 0x608
2026-04-04T23:59:23+00:00 localhost kernel: ACPI: LAPIC_NMI (acpi_id[0xff] dfl dfl lint[0x1])
2026-04-04T23:59:23+00:00 localhost kernel: IOAPIC[0]: apic_id 0, version 17, address 0xfec00000, GSI 0-23
2026-04-04T23:59:23+00:00 localhost kernel: ACPI: INT_SRC_OVR (bus 0 bus_irq 0 global_irq 2 dfl dfl)
2026-04-04T23:59:23+00:00 localhost kernel: ACPI: INT_SRC_OVR (bus 0 bus_irq 5 global_irq 5 high level)
2026-04-04T23:59:23+00:00 localhost kernel: ACPI: INT_SRC_OVR (bus 0 bus_irq 9 global_irq 9 high level)
2026-04-04T23:59:23+00:00 localhost kernel: ACPI: INT_SRC_OVR (bus 0 bus_irq 10 global_irq 10 high level)
2026-04-04T23:59:23+00:00 localhost kernel: ACPI: INT_SRC_OVR (bus 0 bus_irq 11 global_irq 11 high level)
2026-04-04T23:59:23+00:00 localhost kernel: ACPI: Using ACPI (MADT) for SMP configuration information
2026-04-04T23:59:23+00:00 localhost kernel: ACPI: HPET id: 0x8086a201 base: 0xfed00000
2026-04-04T23:59:23+00:00 localhost kernel: CPU topo: Max. logical packages:   1
2026-04-04T23:59:23+00:00 localhost kernel: CPU topo: Max. logical dies:       1
2026-04-04T23:59:23+00:00 localhost kernel: CPU topo: Max. dies per package:   1
2026-04-04T23:59:23+00:00 localhost kernel: CPU topo: Max. threads per core:   1
2026-04-04T23:59:23+00:00 localhost kernel: CPU topo: Num. cores per package:     2
2026-04-04T23:59:23+00:00 localhost kernel: CPU topo: Num. threads per package:   2
2026-04-04T23:59:23+00:00 localhost kernel: CPU topo: Allowing 2 present CPUs plus 0 hotplug CPUs
2026-04-04T23:59:23+00:00 localhost kernel: kvm-guest: APIC: eoi() replaced with kvm_guest_apic_eoi_write()
2026-04-04T23:59:23+00:00 localhost kernel: PM: hibernation: Registered nosave memory: [mem 0x00000000-0x00000fff]
2026-04-04T23:59:23+00:00 localhost kernel: PM: hibernation: Registered nosave memory: [mem 0x0009f000-0x000fffff]
2026-04-04T23:59:23+00:00 localhost kernel: PM: hibernation: Registered nosave memory: [mem 0xbffca000-0xffffffff]
2026-04-04T23:59:23+00:00 localhost kernel: [mem 0xc0000000-0xfeffbfff] available for PCI devices
2026-04-04T23:59:23+00:00 localhost kernel: Booting paravirtualized kernel on KVM
2026-04-04T23:59:23+00:00 localhost kernel: clocksource: refined-jiffies: mask: 0xffffffff max_cycles: 0xffffffff, max_idle_ns: 1910969940391419 ns
2026-04-04T23:59:23+00:00 localhost kernel: setup_percpu: NR_CPUS:8192 nr_cpumask_bits:2 nr_cpu_ids:2 nr_node_ids:1
2026-04-04T23:59:23+00:00 localhost kernel: percpu: Embedded 84 pages/cpu s221184 r8192 d114688 u1048576
2026-04-04T23:59:23+00:00 localhost kernel: pcpu-alloc: s221184 r8192 d114688 u1048576 alloc=1*2097152
2026-04-04T23:59:23+00:00 localhost kernel: pcpu-alloc: [0] 0 1 
2026-04-04T23:59:23+00:00 localhost kernel: kvm-guest: PV spinlocks disabled, no host support
2026-04-04T23:59:23+00:00 localhost kernel: Kernel command line: BOOT_IMAGE=(loop0)/boot/vmlinuz console=ttyS0 console=tty1 net.ifnames=1 rd.cos.oemlabel=COS_OEM rd.cos.oemtimeout=10 panic=5 rd.emergency=reboot rd.shell=0 systemd.crash_reboot=yes root=LABEL=COS_ACTIVE cos-img/filename=/cOS/active.img selinux=0
2026-04-04T23:59:23+00:00 localhost kernel: Unknown kernel command line parameters "cos-img/filename=/cOS/active.img", will be passed to user space.
2026-04-04T23:59:23+00:00 localhost kernel: printk: log buffer data + meta data: 262144 + 917504 = 1179648 bytes
2026-04-04T23:59:23+00:00 localhost kernel: Dentry cache hash table entries: 524288 (order: 10, 4194304 bytes, linear)
2026-04-04T23:59:23+00:00 localhost kernel: Inode-cache hash table entries: 262144 (order: 9, 2097152 bytes, linear)
2026-04-04T23:59:23+00:00 localhost kernel: software IO TLB: area num 2.
2026-04-04T23:59:23+00:00 localhost kernel: Fallback order for Node 0: 0 
2026-04-04T23:59:23+00:00 localhost kernel: Built 1 zonelists, mobility grouping on.  Total pages: 1048424
2026-04-04T23:59:23+00:00 localhost kernel: Policy zone: Normal
2026-04-04T23:59:23+00:00 localhost kernel: mem auto-init: stack:all(zero), heap alloc:on, heap free:off
2026-04-04T23:59:23+00:00 localhost kernel: SLUB: HWalign=64, Order=0-3, MinObjects=0, CPUs=2, Nodes=1
2026-04-04T23:59:23+00:00 localhost kernel: ftrace: allocating 62604 entries in 248 pages
2026-04-04T23:59:23+00:00 localhost kernel: ftrace: allocated 248 pages with 5 groups
2026-04-04T23:59:23+00:00 localhost kernel: Dynamic Preempt: lazy
2026-04-04T23:59:23+00:00 localhost kernel: rcu: Preemptible hierarchical RCU implementation.
2026-04-04T23:59:23+00:00 localhost kernel: rcu:         RCU event tracing is enabled.
2026-04-04T23:59:23+00:00 localhost kernel: rcu:         RCU restricting CPUs from NR_CPUS=8192 to nr_cpu_ids=2.
2026-04-04T23:59:23+00:00 localhost kernel:         Trampoline variant of Tasks RCU enabled.
2026-04-04T23:59:23+00:00 localhost kernel:         Rude variant of Tasks RCU enabled.
2026-04-04T23:59:23+00:00 localhost kernel:         Tracing variant of Tasks RCU enabled.
2026-04-04T23:59:23+00:00 localhost kernel: rcu: RCU calculated value of scheduler-enlistment delay is 100 jiffies.
2026-04-04T23:59:23+00:00 localhost kernel: rcu: Adjusting geometry for rcu_fanout_leaf=16, nr_cpu_ids=2
2026-04-04T23:59:23+00:00 localhost kernel: RCU Tasks: Setting shift to 1 and lim to 1 rcu_task_cb_adjust=1 rcu_task_cpu_ids=2.
2026-04-04T23:59:23+00:00 localhost kernel: RCU Tasks Rude: Setting shift to 1 and lim to 1 rcu_task_cb_adjust=1 rcu_task_cpu_ids=2.
2026-04-04T23:59:23+00:00 localhost kernel: RCU Tasks Trace: Setting shift to 1 and lim to 1 rcu_task_cb_adjust=1 rcu_task_cpu_ids=2.
2026-04-04T23:59:23+00:00 localhost kernel: NR_IRQS: 524544, nr_irqs: 440, preallocated irqs: 16
2026-04-04T23:59:23+00:00 localhost kernel: rcu: srcu_init: Setting srcu_struct sizes based on contention.
2026-04-04T23:59:23+00:00 localhost kernel: kfence: initialized - using 2097152 bytes for 255 objects at 0x(____ptrval____)-0x(____ptrval____)
2026-04-04T23:59:23+00:00 localhost kernel: Console: colour VGA+ 80x25
2026-04-04T23:59:23+00:00 localhost kernel: printk: legacy console [tty1] enabled
2026-04-04T23:59:23+00:00 localhost kernel: printk: legacy console [ttyS0] enabled
2026-04-04T23:59:23+00:00 localhost kernel: ACPI: Core revision 20250807
2026-04-04T23:59:23+00:00 localhost kernel: clocksource: hpet: mask: 0xffffffff max_cycles: 0xffffffff, max_idle_ns: 19112604467 ns
2026-04-04T23:59:23+00:00 localhost kernel: APIC: Switch to symmetric I/O mode setup
2026-04-04T23:59:23+00:00 localhost kernel: x2apic enabled
2026-04-04T23:59:23+00:00 localhost kernel: APIC: Switched APIC routing to: physical x2apic
2026-04-04T23:59:23+00:00 localhost kernel: ..TIMER: vector=0x30 apic1=0 pin1=2 apic2=-1 pin2=-1
2026-04-04T23:59:23+00:00 localhost kernel: clocksource: tsc-early: mask: 0xffffffffffffffff max_cycles: 0x3dddad6fef4, max_idle_ns: 440795380193 ns
2026-04-04T23:59:23+00:00 localhost kernel: Calibrating delay loop (skipped) preset value.. 8583.89 BogoMIPS (lpj=4291948)
2026-04-04T23:59:23+00:00 localhost kernel: Last level iTLB entries: 4KB 512, 2MB 255, 4MB 127
2026-04-04T23:59:23+00:00 localhost kernel: Last level dTLB entries: 4KB 512, 2MB 255, 4MB 127, 1GB 0
2026-04-04T23:59:23+00:00 localhost kernel: mitigations: Enabled attack vectors: user_kernel, user_user, guest_host, guest_guest, SMT mitigations: auto
2026-04-04T23:59:23+00:00 localhost kernel: Spectre V2 : Mitigation: Retpolines
2026-04-04T23:59:23+00:00 localhost kernel: Spectre V1 : Mitigation: usercopy/swapgs barriers and __user pointer sanitization
2026-04-04T23:59:23+00:00 localhost kernel: Spectre V2 : Spectre v2 / SpectreRSB: Filling RSB on context switch and VMEXIT
2026-04-04T23:59:23+00:00 localhost kernel: x86/fpu: x87 FPU will use FXSAVE
2026-04-04T23:59:23+00:00 localhost kernel: Freeing SMP alternatives memory: 56K
2026-04-04T23:59:23+00:00 localhost kernel: pid_max: default: 32768 minimum: 301
2026-04-04T23:59:23+00:00 localhost kernel: Yama: becoming mindful.
2026-04-04T23:59:23+00:00 localhost kernel: LSM support for eBPF active
2026-04-04T23:59:23+00:00 localhost kernel: landlock: Up and running.
2026-04-04T23:59:23+00:00 localhost kernel: Mount-cache hash table entries: 8192 (order: 4, 65536 bytes, linear)
2026-04-04T23:59:23+00:00 localhost kernel: Mountpoint-cache hash table entries: 8192 (order: 4, 65536 bytes, linear)
2026-04-04T23:59:23+00:00 localhost kernel: smpboot: CPU0: AMD QEMU Virtual CPU version 2.5+ (family: 0xf, model: 0x6b, stepping: 0x1)
2026-04-04T23:59:23+00:00 localhost kernel: Performance Events: AMD PMU driver.
2026-04-04T23:59:23+00:00 localhost kernel: ... version:                   0
2026-04-04T23:59:23+00:00 localhost kernel: ... bit width:                 48
2026-04-04T23:59:23+00:00 localhost kernel: ... generic counters:          4
2026-04-04T23:59:23+00:00 localhost kernel: ... generic bitmap:            000000000000000f
2026-04-04T23:59:23+00:00 localhost kernel: ... fixed-purpose counters:    0
2026-04-04T23:59:23+00:00 localhost kernel: ... fixed-purpose bitmap:      0000000000000000
2026-04-04T23:59:23+00:00 localhost kernel: ... value mask:                0000ffffffffffff
2026-04-04T23:59:23+00:00 localhost kernel: ... max period:                00007fffffffffff
2026-04-04T23:59:23+00:00 localhost kernel: ... global_ctrl mask:          000000000000000f
2026-04-04T23:59:23+00:00 localhost kernel: signal: max sigframe size: 1440
2026-04-04T23:59:23+00:00 localhost kernel: rcu: Hierarchical SRCU implementation.
2026-04-04T23:59:23+00:00 localhost kernel: rcu:         Max phase no-delay instances is 400.
2026-04-04T23:59:23+00:00 localhost kernel: Timer migration: 1 hierarchy levels; 8 children per group; 1 crossnode level
2026-04-04T23:59:23+00:00 localhost kernel: smp: Bringing up secondary CPUs ...
2026-04-04T23:59:23+00:00 localhost kernel: smpboot: x86: Booting SMP configuration:
2026-04-04T23:59:23+00:00 localhost kernel: .... node  #0, CPUs:      #1
2026-04-04T23:59:23+00:00 localhost kernel: TSC synchronization [CPU#0 -> CPU#1]:
2026-04-04T23:59:23+00:00 localhost kernel: Measured 87 cycles TSC warp between CPUs, turning off TSC clock.
2026-04-04T23:59:23+00:00 localhost kernel: tsc: Marking TSC unstable due to check_tsc_sync_source failed
2026-04-04T23:59:23+00:00 localhost kernel: smp: Brought up 1 node, 2 CPUs
2026-04-04T23:59:23+00:00 localhost kernel: smpboot: Total of 2 processors activated (17167.79 BogoMIPS)
2026-04-04T23:59:23+00:00 localhost kernel: Memory: 3929884K/4193696K available (21881K kernel code, 4552K rwdata, 10736K rodata, 5148K init, 5492K bss, 256432K reserved, 0K cma-reserved)
2026-04-04T23:59:23+00:00 localhost kernel: devtmpfs: initialized
2026-04-04T23:59:23+00:00 localhost kernel: x86/mm: Memory block size: 128MB
2026-04-04T23:59:23+00:00 localhost kernel: clocksource: jiffies: mask: 0xffffffff max_cycles: 0xffffffff, max_idle_ns: 1911260446275000 ns
2026-04-04T23:59:23+00:00 localhost kernel: posixtimers hash table entries: 1024 (order: 2, 16384 bytes, linear)
2026-04-04T23:59:23+00:00 localhost kernel: futex hash table entries: 512 (32768 bytes on 1 NUMA nodes, total 32 KiB, linear).
2026-04-04T23:59:23+00:00 localhost kernel: PM: RTC time: 23:59:19, date: 2026-04-04
2026-04-04T23:59:23+00:00 localhost kernel: NET: Registered PF_NETLINK/PF_ROUTE protocol family
2026-04-04T23:59:23+00:00 localhost kernel: DMA: preallocated 512 KiB GFP_KERNEL pool for atomic allocations
2026-04-04T23:59:23+00:00 localhost kernel: DMA: preallocated 512 KiB GFP_KERNEL|GFP_DMA pool for atomic allocations
2026-04-04T23:59:23+00:00 localhost kernel: DMA: preallocated 512 KiB GFP_KERNEL|GFP_DMA32 pool for atomic allocations
2026-04-04T23:59:23+00:00 localhost kernel: audit: initializing netlink subsys (disabled)
2026-04-04T23:59:23+00:00 localhost kernel: audit: type=2000 audit(1775347158.932:1): state=initialized audit_enabled=0 res=1
2026-04-04T23:59:23+00:00 localhost kernel: thermal_sys: Registered thermal governor 'fair_share'
2026-04-04T23:59:23+00:00 localhost kernel: thermal_sys: Registered thermal governor 'bang_bang'
2026-04-04T23:59:23+00:00 localhost kernel: thermal_sys: Registered thermal governor 'step_wise'
2026-04-04T23:59:23+00:00 localhost kernel: thermal_sys: Registered thermal governor 'user_space'
2026-04-04T23:59:23+00:00 localhost kernel: cpuidle: using governor menu
2026-04-04T23:59:23+00:00 localhost kernel: acpiphp: ACPI Hot Plug PCI Controller Driver version: 0.5
2026-04-04T23:59:23+00:00 localhost kernel: PCI: Using configuration type 1 for base access
2026-04-04T23:59:23+00:00 localhost kernel: kprobes: kprobe jump-optimization is enabled. All kprobes are optimized if possible.
2026-04-04T23:59:23+00:00 localhost kernel: HugeTLB: registered 2.00 MiB page size, pre-allocated 0 pages
2026-04-04T23:59:23+00:00 localhost kernel: HugeTLB: 28 KiB vmemmap can be freed for a 2.00 MiB page
2026-04-04T23:59:23+00:00 localhost kernel: raid6: skipped pq benchmark and selected sse2x4
2026-04-04T23:59:23+00:00 localhost kernel: raid6: using intx1 recovery algorithm
2026-04-04T23:59:23+00:00 localhost kernel: ACPI: Added _OSI(Module Device)
2026-04-04T23:59:23+00:00 localhost kernel: ACPI: Added _OSI(Processor Device)
2026-04-04T23:59:23+00:00 localhost kernel: ACPI: Added _OSI(Processor Aggregator Device)
2026-04-04T23:59:23+00:00 localhost kernel: ACPI: 1 ACPI AML tables successfully acquired and loaded
2026-04-04T23:59:23+00:00 localhost kernel: ACPI: Interpreter enabled
2026-04-04T23:59:23+00:00 localhost kernel: ACPI: PM: (supports S0 S3 S4 S5)
2026-04-04T23:59:23+00:00 localhost kernel: ACPI: Using IOAPIC for interrupt routing
2026-04-04T23:59:23+00:00 localhost kernel: PCI: Using host bridge windows from ACPI; if necessary, use "pci=nocrs" and report a bug
2026-04-04T23:59:23+00:00 localhost kernel: PCI: Using E820 reservations for host bridge windows
2026-04-04T23:59:23+00:00 localhost kernel: ACPI: Enabled 2 GPEs in block 00 to 0F
2026-04-04T23:59:23+00:00 localhost kernel: ACPI: PCI Root Bridge [PCI0] (domain 0000 [bus 00-ff])
2026-04-04T23:59:23+00:00 localhost kernel: acpi PNP0A03:00: _OSC: OS supports [ASPM ClockPM Segments MSI EDR HPX-Type3]
2026-04-04T23:59:23+00:00 localhost kernel: acpi PNP0A03:00: _OSC: not requesting OS control; OS requires [ExtendedConfig ASPM ClockPM MSI]
2026-04-04T23:59:23+00:00 localhost kernel: acpi PNP0A03:00: fail to add MMCONFIG information, can't access extended configuration space under this bridge
2026-04-04T23:59:23+00:00 localhost kernel: acpiphp: Slot [3] registered
2026-04-04T23:59:23+00:00 localhost kernel: acpiphp: Slot [4] registered
2026-04-04T23:59:23+00:00 localhost kernel: acpiphp: Slot [5] registered
2026-04-04T23:59:23+00:00 localhost kernel: acpiphp: Slot [6] registered
2026-04-04T23:59:23+00:00 localhost kernel: acpiphp: Slot [7] registered
2026-04-04T23:59:23+00:00 localhost kernel: acpiphp: Slot [8] registered
2026-04-04T23:59:23+00:00 localhost kernel: acpiphp: Slot [9] registered
2026-04-04T23:59:23+00:00 localhost kernel: acpiphp: Slot [10] registered
2026-04-04T23:59:23+00:00 localhost kernel: acpiphp: Slot [11] registered
2026-04-04T23:59:23+00:00 localhost kernel: acpiphp: Slot [12] registered
2026-04-04T23:59:23+00:00 localhost kernel: acpiphp: Slot [13] registered
2026-04-04T23:59:23+00:00 localhost kernel: acpiphp: Slot [14] registered
2026-04-04T23:59:23+00:00 localhost kernel: acpiphp: Slot [15] registered
2026-04-04T23:59:23+00:00 localhost kernel: acpiphp: Slot [16] registered
2026-04-04T23:59:23+00:00 localhost kernel: acpiphp: Slot [17] registered
2026-04-04T23:59:23+00:00 localhost kernel: acpiphp: Slot [18] registered
2026-04-04T23:59:23+00:00 localhost kernel: acpiphp: Slot [19] registered
2026-04-04T23:59:23+00:00 localhost kernel: acpiphp: Slot [20] registered
2026-04-04T23:59:23+00:00 localhost kernel: acpiphp: Slot [21] registered
2026-04-04T23:59:23+00:00 localhost kernel: acpiphp: Slot [22] registered
2026-04-04T23:59:23+00:00 localhost kernel: acpiphp: Slot [23] registered
2026-04-04T23:59:23+00:00 localhost kernel: acpiphp: Slot [24] registered
2026-04-04T23:59:23+00:00 localhost kernel: acpiphp: Slot [25] registered
2026-04-04T23:59:23+00:00 localhost kernel: acpiphp: Slot [26] registered
2026-04-04T23:59:23+00:00 localhost kernel: acpiphp: Slot [27] registered
2026-04-04T23:59:23+00:00 localhost kernel: acpiphp: Slot [28] registered
2026-04-04T23:59:23+00:00 localhost kernel: acpiphp: Slot [29] registered
2026-04-04T23:59:23+00:00 localhost kernel: acpiphp: Slot [30] registered
2026-04-04T23:59:23+00:00 localhost kernel: acpiphp: Slot [31] registered
2026-04-04T23:59:23+00:00 localhost kernel: PCI host bridge to bus 0000:00
2026-04-04T23:59:23+00:00 localhost kernel: pci_bus 0000:00: root bus resource [io  0x0000-0x0cf7 window]
2026-04-04T23:59:23+00:00 localhost kernel: pci_bus 0000:00: root bus resource [io  0x0d00-0xffff window]
2026-04-04T23:59:23+00:00 localhost kernel: pci_bus 0000:00: root bus resource [mem 0x000a0000-0x000bffff window]
2026-04-04T23:59:23+00:00 localhost kernel: pci_bus 0000:00: root bus resource [mem 0xc0000000-0xfebfffff window]
2026-04-04T23:59:23+00:00 localhost kernel: pci_bus 0000:00: root bus resource [mem 0xc000000000-0xc07fffffff window]
2026-04-04T23:59:23+00:00 localhost kernel: pci_bus 0000:00: root bus resource [mem 0xfed40000-0xfed44fff]
2026-04-04T23:59:23+00:00 localhost kernel: pci_bus 0000:00: root bus resource [bus 00-ff]
2026-04-04T23:59:23+00:00 localhost kernel: pci 0000:00:00.0: [8086:1237] type 00 class 0x060000 conventional PCI endpoint
2026-04-04T23:59:23+00:00 localhost kernel: pci 0000:00:01.0: [8086:7000] type 00 class 0x060100 conventional PCI endpoint
2026-04-04T23:59:23+00:00 localhost kernel: pci 0000:00:01.1: [8086:7010] type 00 class 0x010180 conventional PCI endpoint
2026-04-04T23:59:23+00:00 localhost kernel: pci 0000:00:01.1: BAR 4 [io  0xc140-0xc14f]
2026-04-04T23:59:23+00:00 localhost kernel: pci 0000:00:01.1: BAR 0 [io  0x01f0-0x01f7]: legacy IDE quirk
2026-04-04T23:59:23+00:00 localhost kernel: pci 0000:00:01.1: BAR 1 [io  0x03f6]: legacy IDE quirk
2026-04-04T23:59:23+00:00 localhost kernel: pci 0000:00:01.1: BAR 2 [io  0x0170-0x0177]: legacy IDE quirk
2026-04-04T23:59:23+00:00 localhost kernel: pci 0000:00:01.1: BAR 3 [io  0x0376]: legacy IDE quirk
2026-04-04T23:59:23+00:00 localhost kernel: pci 0000:00:01.3: [8086:7113] type 00 class 0x068000 conventional PCI endpoint
2026-04-04T23:59:23+00:00 localhost kernel: pci 0000:00:01.3: quirk: [io  0x0600-0x063f] claimed by PIIX4 ACPI
2026-04-04T23:59:23+00:00 localhost kernel: pci 0000:00:01.3: quirk: [io  0x0700-0x070f] claimed by PIIX4 SMB
2026-04-04T23:59:23+00:00 localhost kernel: pci 0000:00:02.0: [1234:1111] type 00 class 0x030000 conventional PCI endpoint
2026-04-04T23:59:23+00:00 localhost kernel: pci 0000:00:02.0: BAR 0 [mem 0xfd000000-0xfdffffff pref]
2026-04-04T23:59:23+00:00 localhost kernel: pci 0000:00:02.0: BAR 2 [mem 0xfebb0000-0xfebb0fff]
2026-04-04T23:59:23+00:00 localhost kernel: pci 0000:00:02.0: ROM [mem 0xfeba0000-0xfebaffff pref]
2026-04-04T23:59:23+00:00 localhost kernel: pci 0000:00:02.0: Video device with shadowed ROM at [mem 0x000c0000-0x000dffff]
2026-04-04T23:59:23+00:00 localhost kernel: pci 0000:00:03.0: [8086:100e] type 00 class 0x020000 conventional PCI endpoint
2026-04-04T23:59:23+00:00 localhost kernel: pci 0000:00:03.0: BAR 0 [mem 0xfeb80000-0xfeb9ffff]
2026-04-04T23:59:23+00:00 localhost kernel: pci 0000:00:03.0: BAR 1 [io  0xc080-0xc0bf]
2026-04-04T23:59:23+00:00 localhost kernel: pci 0000:00:03.0: ROM [mem 0xfeb00000-0xfeb7ffff pref]
2026-04-04T23:59:23+00:00 localhost kernel: pci 0000:00:04.0: [1af4:1003] type 00 class 0x078000 conventional PCI endpoint
2026-04-04T23:59:23+00:00 localhost kernel: pci 0000:00:04.0: BAR 0 [io  0xc0c0-0xc0ff]
2026-04-04T23:59:23+00:00 localhost kernel: pci 0000:00:04.0: BAR 1 [mem 0xfebb1000-0xfebb1fff]
2026-04-04T23:59:23+00:00 localhost kernel: pci 0000:00:04.0: BAR 4 [mem 0xc000000000-0xc000003fff 64bit pref]
2026-04-04T23:59:23+00:00 localhost kernel: pci 0000:00:05.0: [1af4:1001] type 00 class 0x010000 conventional PCI endpoint
2026-04-04T23:59:23+00:00 localhost kernel: pci 0000:00:05.0: BAR 0 [io  0xc000-0xc07f]
2026-04-04T23:59:23+00:00 localhost kernel: pci 0000:00:05.0: BAR 1 [mem 0xfebb2000-0xfebb2fff]
2026-04-04T23:59:23+00:00 localhost kernel: pci 0000:00:05.0: BAR 4 [mem 0xc000004000-0xc000007fff 64bit pref]
2026-04-04T23:59:23+00:00 localhost kernel: pci 0000:00:06.0: [1af4:1004] type 00 class 0x010000 conventional PCI endpoint
2026-04-04T23:59:23+00:00 localhost kernel: pci 0000:00:06.0: BAR 0 [io  0xc100-0xc13f]
2026-04-04T23:59:23+00:00 localhost kernel: pci 0000:00:06.0: BAR 1 [mem 0xfebb3000-0xfebb3fff]
2026-04-04T23:59:23+00:00 localhost kernel: pci 0000:00:06.0: BAR 4 [mem 0xc000008000-0xc00000bfff 64bit pref]
2026-04-04T23:59:23+00:00 localhost kernel: ACPI: PCI: Interrupt link LNKA configured for IRQ 10
2026-04-04T23:59:23+00:00 localhost kernel: ACPI: PCI: Interrupt link LNKB configured for IRQ 10
2026-04-04T23:59:23+00:00 localhost kernel: ACPI: PCI: Interrupt link LNKC configured for IRQ 11
2026-04-04T23:59:23+00:00 localhost kernel: ACPI: PCI: Interrupt link LNKD configured for IRQ 11
2026-04-04T23:59:23+00:00 localhost kernel: ACPI: PCI: Interrupt link LNKS configured for IRQ 9
2026-04-04T23:59:23+00:00 localhost kernel: iommu: Default domain type: Translated
2026-04-04T23:59:23+00:00 localhost kernel: iommu: DMA domain TLB invalidation policy: lazy mode
2026-04-04T23:59:23+00:00 localhost kernel: SCSI subsystem initialized
2026-04-04T23:59:23+00:00 localhost kernel: libata version 3.00 loaded.
2026-04-04T23:59:23+00:00 localhost kernel: ACPI: bus type USB registered
2026-04-04T23:59:23+00:00 localhost kernel: usbcore: registered new interface driver usbfs
2026-04-04T23:59:23+00:00 localhost kernel: usbcore: registered new interface driver hub
2026-04-04T23:59:23+00:00 localhost kernel: usbcore: registered new device driver usb
2026-04-04T23:59:23+00:00 localhost kernel: pps_core: LinuxPPS API ver. 1 registered
2026-04-04T23:59:23+00:00 localhost kernel: pps_core: Software ver. 5.3.6 - Copyright 2005-2007 Rodolfo Giometti <giometti@linux.it>
2026-04-04T23:59:23+00:00 localhost kernel: PTP clock support registered
2026-04-04T23:59:23+00:00 localhost kernel: EDAC MC: Ver: 3.0.0
2026-04-04T23:59:23+00:00 localhost kernel: NetLabel: Initializing
2026-04-04T23:59:23+00:00 localhost kernel: NetLabel:  domain hash size = 128
2026-04-04T23:59:23+00:00 localhost kernel: NetLabel:  protocols = UNLABELED CIPSOv4 CALIPSO
2026-04-04T23:59:23+00:00 localhost kernel: NetLabel:  unlabeled traffic allowed by default
2026-04-04T23:59:23+00:00 localhost kernel: mctp: management component transport protocol core
2026-04-04T23:59:23+00:00 localhost kernel: NET: Registered PF_MCTP protocol family
2026-04-04T23:59:23+00:00 localhost kernel: PCI: Using ACPI for IRQ routing
2026-04-04T23:59:23+00:00 localhost kernel: PCI: pci_cache_line_size set to 64 bytes
2026-04-04T23:59:23+00:00 localhost kernel: e820: reserve RAM buffer [mem 0x0009fc00-0x0009ffff]
2026-04-04T23:59:23+00:00 localhost kernel: e820: reserve RAM buffer [mem 0xbffca000-0xbfffffff]
2026-04-04T23:59:23+00:00 localhost kernel: pci 0000:00:02.0: vgaarb: setting as boot VGA device
2026-04-04T23:59:23+00:00 localhost kernel: pci 0000:00:02.0: vgaarb: bridge control possible
2026-04-04T23:59:23+00:00 localhost kernel: pci 0000:00:02.0: vgaarb: VGA device added: decodes=io+mem,owns=io+mem,locks=none
2026-04-04T23:59:23+00:00 localhost kernel: vgaarb: loaded
2026-04-04T23:59:23+00:00 localhost kernel: hpet: 3 channels of 0 reserved for per-cpu timers
2026-04-04T23:59:23+00:00 localhost kernel: hpet0: at MMIO 0xfed00000, IRQs 2, 8, 0
2026-04-04T23:59:23+00:00 localhost kernel: hpet0: 3 comparators, 64-bit 100.000000 MHz counter
2026-04-04T23:59:23+00:00 localhost kernel: clocksource: Switched to clocksource kvm-clock
2026-04-04T23:59:23+00:00 localhost kernel: VFS: Disk quotas dquot_6.6.0
2026-04-04T23:59:23+00:00 localhost kernel: VFS: Dquot-cache hash table entries: 512 (order 0, 4096 bytes)
2026-04-04T23:59:23+00:00 localhost kernel: pnp: PnP ACPI init
2026-04-04T23:59:23+00:00 localhost kernel: pnp 00:02: [dma 2]
2026-04-04T23:59:23+00:00 localhost kernel: pnp: PnP ACPI: found 6 devices
2026-04-04T23:59:23+00:00 localhost kernel: clocksource: acpi_pm: mask: 0xffffff max_cycles: 0xffffff, max_idle_ns: 2085701024 ns
2026-04-04T23:59:23+00:00 localhost kernel: NET: Registered PF_INET protocol family
2026-04-04T23:59:23+00:00 localhost kernel: IP idents hash table entries: 65536 (order: 7, 524288 bytes, linear)
2026-04-04T23:59:23+00:00 localhost kernel: tcp_listen_portaddr_hash hash table entries: 2048 (order: 3, 32768 bytes, linear)
2026-04-04T23:59:23+00:00 localhost kernel: Table-perturb hash table entries: 65536 (order: 6, 262144 bytes, linear)
2026-04-04T23:59:23+00:00 localhost kernel: TCP established hash table entries: 32768 (order: 6, 262144 bytes, linear)
2026-04-04T23:59:23+00:00 localhost kernel: TCP bind hash table entries: 32768 (order: 8, 1048576 bytes, linear)
2026-04-04T23:59:23+00:00 localhost kernel: TCP: Hash tables configured (established 32768 bind 32768)
2026-04-04T23:59:23+00:00 localhost kernel: MPTCP token hash table entries: 4096 (order: 5, 98304 bytes, linear)
2026-04-04T23:59:23+00:00 localhost kernel: UDP hash table entries: 2048 (order: 5, 131072 bytes, linear)
2026-04-04T23:59:23+00:00 localhost kernel: UDP-Lite hash table entries: 2048 (order: 5, 131072 bytes, linear)
2026-04-04T23:59:23+00:00 localhost kernel: NET: Registered PF_UNIX/PF_LOCAL protocol family
2026-04-04T23:59:23+00:00 localhost kernel: NET: Registered PF_XDP protocol family
2026-04-04T23:59:23+00:00 localhost kernel: pci_bus 0000:00: resource 4 [io  0x0000-0x0cf7 window]
2026-04-04T23:59:23+00:00 localhost kernel: pci_bus 0000:00: resource 5 [io  0x0d00-0xffff window]
2026-04-04T23:59:23+00:00 localhost kernel: pci_bus 0000:00: resource 6 [mem 0x000a0000-0x000bffff window]
2026-04-04T23:59:23+00:00 localhost kernel: pci_bus 0000:00: resource 7 [mem 0xc0000000-0xfebfffff window]
2026-04-04T23:59:23+00:00 localhost kernel: pci_bus 0000:00: resource 8 [mem 0xc000000000-0xc07fffffff window]
2026-04-04T23:59:23+00:00 localhost kernel: pci_bus 0000:00: resource 9 [mem 0xfed40000-0xfed44fff]
2026-04-04T23:59:23+00:00 localhost kernel: pci 0000:00:01.0: PIIX3: Enabling Passive Release
2026-04-04T23:59:23+00:00 localhost kernel: pci 0000:00:00.0: Limiting direct PCI/PCI transfers
2026-04-04T23:59:23+00:00 localhost kernel: PCI: CLS 0 bytes, default 64
2026-04-04T23:59:23+00:00 localhost kernel: PCI-DMA: Using software bounce buffering for IO (SWIOTLB)
2026-04-04T23:59:23+00:00 localhost kernel: Trying to unpack rootfs image as initramfs...
2026-04-04T23:59:23+00:00 localhost kernel: software IO TLB: mapped [mem 0x00000000bbfca000-0x00000000bffca000] (64MB)
2026-04-04T23:59:23+00:00 localhost kernel: Initialise system trusted keyrings
2026-04-04T23:59:23+00:00 localhost kernel: Key type blacklist registered
2026-04-04T23:59:23+00:00 localhost kernel: workingset: timestamp_bits=36 max_order=20 bucket_order=0
2026-04-04T23:59:23+00:00 localhost kernel: integrity: Platform Keyring initialized
2026-04-04T23:59:23+00:00 localhost kernel: integrity: Machine keyring initialized
2026-04-04T23:59:23+00:00 localhost kernel: cryptd: max_cpu_qlen set to 1000
2026-04-04T23:59:23+00:00 localhost kernel: alg: full crypto tests enabled.  This is intended for developer use only.
2026-04-04T23:59:23+00:00 localhost kernel: NET: Registered PF_ALG protocol family
2026-04-04T23:59:23+00:00 localhost kernel: xor: measuring software checksum speed
2026-04-04T23:59:23+00:00 localhost kernel:    prefetch64-sse  : 31301 MB/sec
2026-04-04T23:59:23+00:00 localhost kernel:    generic_sse     : 28680 MB/sec
2026-04-04T23:59:23+00:00 localhost kernel: xor: using function: prefetch64-sse (31301 MB/sec)
2026-04-04T23:59:23+00:00 localhost kernel: Key type asymmetric registered
2026-04-04T23:59:23+00:00 localhost kernel: Asymmetric key parser 'x509' registered
2026-04-04T23:59:23+00:00 localhost kernel: Block layer SCSI generic (bsg) driver version 0.4 loaded (major 244)
2026-04-04T23:59:23+00:00 localhost kernel: io scheduler mq-deadline registered
2026-04-04T23:59:23+00:00 localhost kernel: io scheduler kyber registered
2026-04-04T23:59:23+00:00 localhost kernel: io scheduler bfq registered
2026-04-04T23:59:23+00:00 localhost kernel: atomic64_test: passed for x86-64 platform with CX8 and with SSE
2026-04-04T23:59:23+00:00 localhost kernel: input: Power Button as /devices/LNXSYSTM:00/LNXPWRBN:00/input/input0
2026-04-04T23:59:23+00:00 localhost kernel: ACPI: button: Power Button [PWRF]
2026-04-04T23:59:23+00:00 localhost kernel: ACPI: \_SB_.LNKD: Enabled at IRQ 11
2026-04-04T23:59:23+00:00 localhost kernel: ACPI: \_SB_.LNKA: Enabled at IRQ 10
2026-04-04T23:59:23+00:00 localhost kernel: ACPI: \_SB_.LNKB: Enabled at IRQ 10
2026-04-04T23:59:23+00:00 localhost kernel: Serial: 8250/16550 driver, 32 ports, IRQ sharing enabled
2026-04-04T23:59:23+00:00 localhost kernel: 00:04: ttyS0 at I/O 0x3f8 (irq = 4, base_baud = 115200) is a 16550A
2026-04-04T23:59:23+00:00 localhost kernel: Non-volatile memory driver v1.3
2026-04-04T23:59:23+00:00 localhost kernel: Linux agpgart interface v0.103
2026-04-04T23:59:23+00:00 localhost kernel: tpm_tis MSFT0101:00: 2.0 TPM (device-id 0x1, rev-id 1)
2026-04-04T23:59:23+00:00 localhost kernel: ACPI: bus type drm_connector registered
2026-04-04T23:59:23+00:00 localhost kernel: virtio_blk virtio1: 2/0/0 default/read/poll queues
2026-04-04T23:59:23+00:00 localhost kernel: virtio_blk virtio1: [vda] 51200000 512-byte logical blocks (26.2 GB/24.4 GiB)
2026-04-04T23:59:23+00:00 localhost kernel:  vda: vda1 vda2 vda3 vda4 vda5
2026-04-04T23:59:23+00:00 localhost kernel: scsi host0: ata_piix
2026-04-04T23:59:23+00:00 localhost kernel: random: crng init done
2026-04-04T23:59:23+00:00 localhost kernel: scsi host1: ata_piix
2026-04-04T23:59:23+00:00 localhost kernel: ata1: PATA max MWDMA2 cmd 0x1f0 ctl 0x3f6 bmdma 0xc140 irq 14 lpm-pol 0
2026-04-04T23:59:23+00:00 localhost kernel: ata2: PATA max MWDMA2 cmd 0x170 ctl 0x376 bmdma 0xc148 irq 15 lpm-pol 0
2026-04-04T23:59:23+00:00 localhost kernel: usbcore: registered new interface driver usbserial_generic
2026-04-04T23:59:23+00:00 localhost kernel: usbserial: USB Serial support registered for generic
2026-04-04T23:59:23+00:00 localhost kernel: i8042: PNP: PS/2 Controller [PNP0303:KBD,PNP0f13:MOU] at 0x60,0x64 irq 1,12
2026-04-04T23:59:23+00:00 localhost kernel: serio: i8042 KBD port at 0x60,0x64 irq 1
2026-04-04T23:59:23+00:00 localhost kernel: serio: i8042 AUX port at 0x60,0x64 irq 12
2026-04-04T23:59:23+00:00 localhost kernel: hv_vmbus: registering driver hyperv_keyboard
2026-04-04T23:59:23+00:00 localhost kernel: mousedev: PS/2 mouse device common for all mice
2026-04-04T23:59:23+00:00 localhost kernel: rtc_cmos 00:05: RTC can wake from S4
2026-04-04T23:59:23+00:00 localhost kernel: input: AT Translated Set 2 keyboard as /devices/platform/i8042/serio0/input/input1
2026-04-04T23:59:23+00:00 localhost kernel: rtc_cmos 00:05: registered as rtc0
2026-04-04T23:59:23+00:00 localhost kernel: rtc_cmos 00:05: setting system clock to 2026-04-04T23:59:20 UTC (1775347160)
2026-04-04T23:59:23+00:00 localhost kernel: rtc_cmos 00:05: alarms up to one day, y3k, 242 bytes nvram, hpet irqs
2026-04-04T23:59:23+00:00 localhost kernel: device-mapper: core: CONFIG_IMA_DISABLE_HTABLE is disabled. Duplicate IMA measurements will not be recorded in the IMA log.
2026-04-04T23:59:23+00:00 localhost kernel: device-mapper: uevent: version 1.0.3
2026-04-04T23:59:23+00:00 localhost kernel: device-mapper: ioctl: 4.50.0-ioctl (2025-04-28) initialised: dm-devel@lists.linux.dev
2026-04-04T23:59:23+00:00 localhost kernel: input: VirtualPS/2 VMware VMMouse as /devices/platform/i8042/serio1/input/input4
2026-04-04T23:59:23+00:00 localhost kernel: amd_pstate: the _CPC object is not present in SBIOS or ACPI disabled
2026-04-04T23:59:23+00:00 localhost kernel: hid: raw HID events driver (C) Jiri Kosina
2026-04-04T23:59:23+00:00 localhost kernel: input: VirtualPS/2 VMware VMMouse as /devices/platform/i8042/serio1/input/input3
2026-04-04T23:59:23+00:00 localhost kernel: usbcore: registered new interface driver usbhid
2026-04-04T23:59:23+00:00 localhost kernel: usbhid: USB HID core driver
2026-04-04T23:59:23+00:00 localhost kernel: drop_monitor: Initializing network drop monitor service
2026-04-04T23:59:23+00:00 localhost kernel: Initializing XFRM netlink socket
2026-04-04T23:59:23+00:00 localhost kernel: NET: Registered PF_INET6 protocol family
2026-04-04T23:59:23+00:00 localhost kernel: Segment Routing with IPv6
2026-04-04T23:59:23+00:00 localhost kernel: RPL Segment Routing with IPv6
2026-04-04T23:59:23+00:00 localhost kernel: In-situ OAM (IOAM) with IPv6
2026-04-04T23:59:23+00:00 localhost kernel: mip6: Mobile IPv6
2026-04-04T23:59:23+00:00 localhost kernel: NET: Registered PF_PACKET protocol family
2026-04-04T23:59:23+00:00 localhost kernel: IPI shorthand broadcast: enabled
2026-04-04T23:59:23+00:00 localhost kernel: registered taskstats version 1
2026-04-04T23:59:23+00:00 localhost kernel: Loading compiled-in X.509 certificates
2026-04-04T23:59:23+00:00 localhost kernel: Loaded X.509 cert 'Build time autogenerated kernel key: dc07948b0eb2202e811c046018ac4fef899bcd27'
2026-04-04T23:59:23+00:00 localhost kernel: Demotion targets for Node 0: null
2026-04-04T23:59:23+00:00 localhost kernel: page_owner is disabled
2026-04-04T23:59:23+00:00 localhost kernel: Key type .fscrypt registered
2026-04-04T23:59:23+00:00 localhost kernel: Key type fscrypt-provisioning registered
2026-04-04T23:59:23+00:00 localhost kernel: Btrfs loaded, zoned=yes, fsverity=yes
2026-04-04T23:59:23+00:00 localhost kernel: Key type big_key registered
2026-04-04T23:59:23+00:00 localhost kernel: Key type trusted registered
2026-04-04T23:59:23+00:00 localhost kernel: Freeing initrd memory: 57184K
2026-04-04T23:59:23+00:00 localhost kernel: Key type encrypted registered
2026-04-04T23:59:23+00:00 localhost kernel: Loading compiled-in module X.509 certificates
2026-04-04T23:59:23+00:00 localhost kernel: Loaded X.509 cert 'Build time autogenerated kernel key: dc07948b0eb2202e811c046018ac4fef899bcd27'
2026-04-04T23:59:23+00:00 localhost kernel: ima: Allocated hash algorithm: sha256
2026-04-04T23:59:23+00:00 localhost kernel: ima: No architecture policies found
2026-04-04T23:59:23+00:00 localhost kernel: evm: Initialising EVM extended attributes:
2026-04-04T23:59:23+00:00 localhost kernel: evm: security.selinux
2026-04-04T23:59:23+00:00 localhost kernel: evm: security.SMACK64 (disabled)
2026-04-04T23:59:23+00:00 localhost kernel: evm: security.SMACK64EXEC (disabled)
2026-04-04T23:59:23+00:00 localhost kernel: evm: security.SMACK64TRANSMUTE (disabled)
2026-04-04T23:59:23+00:00 localhost kernel: evm: security.SMACK64MMAP (disabled)
2026-04-04T23:59:23+00:00 localhost kernel: evm: security.apparmor (disabled)
2026-04-04T23:59:23+00:00 localhost kernel: evm: security.ima
2026-04-04T23:59:23+00:00 localhost kernel: evm: security.capability
2026-04-04T23:59:23+00:00 localhost kernel: evm: HMAC attrs: 0x1
2026-04-04T23:59:23+00:00 localhost kernel: alg: No test for 842 (842-scomp)
2026-04-04T23:59:23+00:00 localhost kernel: PM:   Magic number: 6:172:1009
2026-04-04T23:59:23+00:00 localhost kernel: RAS: Correctable Errors collector initialized.
2026-04-04T23:59:23+00:00 localhost kernel: Unstable clock detected, switching default tracing clock to "global"
                                            If you want to keep using the local clock, then add:
                                              "trace_clock=local"
                                            on the kernel command line
2026-04-04T23:59:23+00:00 localhost kernel: clk: Disabling unused clocks
2026-04-04T23:59:23+00:00 localhost kernel: PM: genpd: Disabling unused power domains
2026-04-04T23:59:23+00:00 localhost kernel: Freeing unused decrypted memory: 2028K
2026-04-04T23:59:23+00:00 localhost kernel: Freeing unused kernel image (initmem) memory: 5148K
2026-04-04T23:59:23+00:00 localhost kernel: Write protecting the kernel read-only data: 34816k
2026-04-04T23:59:23+00:00 localhost kernel: Freeing unused kernel image (text/rodata gap) memory: 644K
2026-04-04T23:59:23+00:00 localhost kernel: Freeing unused kernel image (rodata/data gap) memory: 1552K
2026-04-04T23:59:23+00:00 localhost kernel: x86/mm: Checked W+X mappings: passed, no W+X pages found.
2026-04-04T23:59:23+00:00 localhost kernel: Run /init as init process
2026-04-04T23:59:23+00:00 localhost kernel:   with arguments:
2026-04-04T23:59:23+00:00 localhost kernel:     /init
2026-04-04T23:59:23+00:00 localhost kernel:   with environment:
2026-04-04T23:59:23+00:00 localhost kernel:     HOME=/
2026-04-04T23:59:23+00:00 localhost kernel:     TERM=linux
2026-04-04T23:59:23+00:00 localhost kernel:     cos-img/filename=/cOS/active.img
2026-04-04T23:59:23+00:00 localhost systemd[1]: Successfully made /usr/ read-only.
2026-04-04T23:59:23+00:00 localhost systemd[1]: systemd 259.1 running in system mode (+PAM -AUDIT -SELINUX -APPARMOR +IMA +IPE +SMACK +SECCOMP -GCRYPT -GNUTLS +OPENSSL +ACL +BLKID -CURL -ELFUTILS -FIDO2 -IDN2 -IDN +KMOD +LIBCRYPTSETUP +LIBCRYPTSETUP_PLUGINS +LIBFDISK -PCRE2 -PWQUALITY -P11KIT -QRENCODE +TPM2 -BZIP2 +LZ4 +XZ +ZLIB +ZSTD -BPF_FRAMEWORK -BTF -XKBCOMMON -UTMP +SYSVINIT -LIBARCHIVE)
2026-04-04T23:59:23+00:00 localhost systemd[1]: Detected virtualization kvm.
2026-04-04T23:59:23+00:00 localhost systemd[1]: Detected architecture x86-64.
2026-04-04T23:59:23+00:00 localhost systemd[1]: Running in initrd.
2026-04-04T23:59:23+00:00 localhost systemd[1]: Initializing machine ID from random generator.
2026-04-04T23:59:23+00:00 localhost systemd[1]: No hostname configured, using default hostname.
2026-04-04T23:59:23+00:00 localhost systemd[1]: Hostname set to <localhost>.
2026-04-04T23:59:23+00:00 localhost systemd[1]: Queued start job for default target Initrd Default Target.
2026-04-04T23:59:23+00:00 localhost systemd[1]: Created slice Slice /system/modprobe.
2026-04-04T23:59:23+00:00 localhost systemd[1]: Started Dispatch Password Requests to Console Directory Watch.
2026-04-04T23:59:23+00:00 localhost systemd[1]: Expecting device /dev/disk/by-label/COS_ACTIVE...
2026-04-04T23:59:23+00:00 localhost systemd[1]: Reached target Initrd /usr File System.
2026-04-04T23:59:23+00:00 localhost systemd[1]: Reached target Path Units.
2026-04-04T23:59:23+00:00 localhost systemd[1]: Reached target Slice Units.
2026-04-04T23:59:23+00:00 localhost systemd[1]: Reached target Swaps.
2026-04-04T23:59:23+00:00 localhost systemd[1]: Reached target Timer Units.
2026-04-04T23:59:23+00:00 localhost systemd[1]: Listening on Open-iSCSI iscsid Socket.
2026-04-04T23:59:23+00:00 localhost systemd[1]: Listening on Open-iSCSI iscsiuio Socket.
2026-04-04T23:59:23+00:00 localhost systemd[1]: Listening on Journal Socket (/dev/log).
2026-04-04T23:59:23+00:00 localhost systemd[1]: Listening on Journal Sockets.
2026-04-04T23:59:23+00:00 localhost systemd[1]: Listening on Network Management Resolve Hook Socket.
2026-04-04T23:59:23+00:00 localhost systemd[1]: Listening on Network Management Netlink Socket.
2026-04-04T23:59:23+00:00 localhost systemd[1]: Listening on udev Control Socket.
2026-04-04T23:59:23+00:00 localhost systemd[1]: Listening on udev Kernel Socket.
2026-04-04T23:59:23+00:00 localhost systemd[1]: Reached target Socket Units.
2026-04-04T23:59:23+00:00 localhost systemd[1]: Starting Create List of Static Device Nodes...
2026-04-04T23:59:23+00:00 localhost systemd[1]: Load Kernel Module dm_mod skipped, unmet condition check ConditionKernelModuleLoaded=!dm_mod
2026-04-04T23:59:23+00:00 localhost systemd[1]: Starting Load Kernel Module dm_multipath...
2026-04-04T23:59:23+00:00 localhost systemd[1]: Starting Load Kernel Module loop...
2026-04-04T23:59:23+00:00 localhost systemd[1]: Early Battery Level Check skipped, unmet condition check ConditionDirectoryNotEmpty=/sys/class/power_supply
2026-04-04T23:59:23+00:00 localhost kernel: loop: module loaded
2026-04-04T23:59:23+00:00 localhost systemd[1]: Starting Journal Service...
2026-04-04T23:59:23+00:00 localhost systemd[1]: Load Kernel Modules skipped, no trigger condition checks were met.
2026-04-04T23:59:23+00:00 localhost systemd-journald[359]: Collecting audit messages is disabled.
2026-04-04T23:59:23+00:00 localhost systemd[1]: Starting Generate Network Units from Kernel Command Line...
2026-04-04T23:59:23+00:00 localhost systemd[1]: TPM PCR Barrier (initrd) skipped, unmet condition check ConditionSecurity=measured-uki
2026-04-04T23:59:23+00:00 localhost systemd-journald[359]: Journal started
2026-04-04T23:59:23+00:00 localhost systemd-journald[359]: Runtime Journal (/run/log/journal/d2e600b0fe1f480f86653392df324f91) is 8M, max 78.2M, 70.2M free.
2026-04-04T23:59:23+00:00 localhost systemd[1]: Starting Apply Kernel Variables...
2026-04-04T23:59:23+00:00 localhost systemd[1]: Starting Virtual Console Setup...
2026-04-04T23:59:23+00:00 localhost systemd[1]: Started Journal Service.
2026-04-04T23:59:23+00:00 localhost systemd[1]: Finished Create List of Static Device Nodes.
2026-04-04T23:59:23+00:00 localhost systemd[1]: modprobe@dm_multipath.service: Deactivated successfully.
2026-04-04T23:59:23+00:00 localhost systemd[1]: Finished Load Kernel Module dm_multipath.
2026-04-04T23:59:23+00:00 localhost systemd[1]: modprobe@loop.service: Deactivated successfully.
2026-04-04T23:59:23+00:00 localhost systemd[1]: Finished Load Kernel Module loop.
2026-04-04T23:59:23+00:00 localhost systemd[1]: Finished Generate Network Units from Kernel Command Line.
2026-04-04T23:59:23+00:00 localhost systemd[1]: Finished Apply Kernel Variables.
2026-04-04T23:59:23+00:00 localhost systemd[1]: Finished Virtual Console Setup.
2026-04-04T23:59:23+00:00 localhost systemd[1]: Reached target Preparation for Network.
2026-04-04T23:59:23+00:00 localhost systemd[1]: Starting Device-Mapper Multipath Device Controller...
2026-04-04T23:59:23+00:00 localhost systemd[1]: dracut ask for additional cmdline parameters skipped, no trigger condition checks were met.
2026-04-04T23:59:23+00:00 localhost systemd[1]: Starting dracut cmdline hook...
2026-04-04T23:59:23+00:00 localhost multipathd[403]: multipathd v0.14.3: start up
2026-04-04T23:59:23+00:00 localhost multipathd[403]: Could not set SCHED_RR at priority 10
2026-04-04T23:59:23+00:00 localhost multipathd[403]: reconfigure: setting up paths and maps
2026-04-04T23:59:23+00:00 localhost multipathd[403]: _check_bindings_file: failed to read header from /etc/multipath/bindings
2026-04-04T23:59:23+00:00 localhost multipathd[403]: updated bindings file /etc/multipath/bindings
2026-04-04T23:59:23+00:00 localhost systemd[1]: Merge System Configuration Images into /etc/ skipped, no trigger condition checks were met.
2026-04-04T23:59:23+00:00 localhost systemd[1]: Starting Network Name Resolution...
2026-04-04T23:59:23+00:00 localhost systemd[1]: Merge System Extension Images into /usr/ and /opt/ skipped, no trigger condition checks were met.
2026-04-04T23:59:23+00:00 localhost systemd[1]: Reached target Local Encrypted Volumes (Pre).
2026-04-04T23:59:23+00:00 localhost systemd[1]: Reached target Local Encrypted Volumes.
2026-04-04T23:59:23+00:00 localhost dracut-cmdline[407]: dracut-110
2026-04-04T23:59:23+00:00 localhost dracut-cmdline[407]: Using kernel command line parameters:    BOOT_IMAGE=(loop0)/boot/vmlinuz console=ttyS0 console=tty1 net.ifnames=1 rd.cos.oemlabel=COS_OEM rd.cos.oemtimeout=10 panic=5 rd.emergency=reboot rd.shell=0 systemd.crash_reboot=yes root=LABEL=COS_ACTIVE cos-img/filename=/cOS/active.img selinux=0
2026-04-04T23:59:23+00:00 localhost systemd[1]: Starting Create Static Device Nodes in /dev gracefully...
2026-04-04T23:59:23+00:00 localhost systemd[1]: Started Device-Mapper Multipath Device Controller.
2026-04-04T23:59:23+00:00 localhost systemd[1]: Finished Create Static Device Nodes in /dev gracefully.
2026-04-04T23:59:23+00:00 localhost systemd[1]: Starting Create Static Device Nodes in /dev...
2026-04-04T23:59:23+00:00 localhost systemd-resolved[418]: Positive Trust Anchors:
2026-04-04T23:59:23+00:00 localhost systemd-resolved[418]: . IN DS 20326 8 2 e06d44b80b8f1d39a95c0b0d7c65d08458e880409bbc683457104237c7f8ec8d
2026-04-04T23:59:23+00:00 localhost systemd-resolved[418]: . IN DS 38696 8 2 683d2d0acb8c9b712a1948b27f741219298d0a450d612c483af444a4c0fb2b16
2026-04-04T23:59:23+00:00 localhost systemd-resolved[418]: Negative trust anchors: home.arpa 10.in-addr.arpa 16.172.in-addr.arpa 17.172.in-addr.arpa 18.172.in-addr.arpa 19.172.in-addr.arpa 20.172.in-addr.arpa 21.172.in-addr.arpa 22.172.in-addr.arpa 23.172.in-addr.arpa 24.172.in-addr.arpa 25.172.in-addr.arpa 26.172.in-addr.arpa 27.172.in-addr.arpa 28.172.in-addr.arpa 29.172.in-addr.arpa 30.172.in-addr.arpa 31.172.in-addr.arpa 170.0.0.192.in-addr.arpa 171.0.0.192.in-addr.arpa 168.192.in-addr.arpa d.f.ip6.arpa ipv4only.arpa resolver.arpa corp home internal intranet lan local private test
2026-04-04T23:59:23+00:00 localhost systemd[1]: Finished Create Static Device Nodes in /dev.
2026-04-04T23:59:23+00:00 localhost systemd-resolved[418]: Defaulting to hostname 'linux'.
2026-04-04T23:59:23+00:00 localhost systemd[1]: Reached target Preparation for Local File Systems.
2026-04-04T23:59:23+00:00 localhost systemd[1]: Reached target Local File Systems.
2026-04-04T23:59:23+00:00 localhost systemd[1]: Starting Create System Files and Directories...
2026-04-04T23:59:23+00:00 localhost systemd[1]: Started Network Name Resolution.
2026-04-04T23:59:23+00:00 localhost systemd[1]: Reached target Host and Network Name Lookups.
2026-04-04T23:59:23+00:00 localhost systemd-tmpfiles[498]: /usr/lib/tmpfiles.d/systemd.conf:33: Duplicate line for path "/var/lib/systemd", ignoring.
2026-04-04T23:59:23+00:00 localhost systemd-tmpfiles[498]: /usr/lib/tmpfiles.d/var.conf:14: Duplicate line for path "/var/log", ignoring.
2026-04-04T23:59:23+00:00 localhost systemd[1]: Finished Create System Files and Directories.
2026-04-04T23:59:23+00:00 localhost kernel: Loading iSCSI transport class v2.0-870.
2026-04-04T23:59:23+00:00 localhost kernel: iscsi: registered transport (tcp)
2026-04-04T23:59:23+00:00 localhost kernel: iscsi: registered transport (qla4xxx)
2026-04-04T23:59:23+00:00 localhost kernel: QLogic iSCSI HBA Driver
2026-04-04T23:59:23+00:00 localhost kernel: libcxgbi:libcxgbi_init_module: Chelsio iSCSI driver library libcxgbi v0.9.1-ko (Apr. 2015)
2026-04-04T23:59:23+00:00 localhost kernel: Chelsio T3 iSCSI Driver cxgb3i v2.0.1-ko (Apr. 2015)
2026-04-04T23:59:23+00:00 localhost kernel: iscsi: registered transport (cxgb3i)
2026-04-04T23:59:23+00:00 localhost kernel: Chelsio T4-T6 iSCSI Driver cxgb4i v0.9.5-ko (Apr. 2015)
2026-04-04T23:59:23+00:00 localhost kernel: iscsi: registered transport (cxgb4i)
2026-04-04T23:59:23+00:00 localhost kernel: cxgb4i:cxgb4i_init_module: cxgb4i dcb enabled.
2026-04-04T23:59:23+00:00 localhost kernel: cnic: QLogic cnicDriver v2.5.22 (July 20, 2015)
2026-04-04T23:59:23+00:00 localhost kernel: QLogic NetXtreme II iSCSI Driver bnx2i v2.7.10.1 (Jul 16, 2014)
2026-04-04T23:59:23+00:00 localhost kernel: iscsi: registered transport (bnx2i)
2026-04-04T23:59:23+00:00 localhost kernel: iscsi: registered transport (be2iscsi)
2026-04-04T23:59:23+00:00 localhost kernel: In beiscsi_module_init, tt=00000000ab19076d
2026-04-04T23:59:23+00:00 localhost systemd[1]: Finished dracut cmdline hook.
2026-04-04T23:59:23+00:00 localhost systemd[1]: Starting dracut pre-udev hook...
2026-04-04T23:59:23+00:00 localhost systemd[1]: Finished dracut pre-udev hook.
2026-04-04T23:59:23+00:00 localhost systemd[1]: Starting Rule-based Manager for Device Events and Files...
2026-04-04T23:59:23+00:00 localhost systemd-udevd[617]: Using default interface naming scheme 'v259'.
2026-04-04T23:59:23+00:00 localhost systemd[1]: Started Rule-based Manager for Device Events and Files.
2026-04-04T23:59:23+00:00 localhost systemd[1]: dracut pre-trigger hook skipped, no trigger condition checks were met.
2026-04-04T23:59:23+00:00 localhost systemd[1]: Starting Network Management...
2026-04-04T23:59:23+00:00 localhost systemd[1]: Starting Coldplug All udev Devices...
2026-04-04T23:59:24+00:00 localhost kernel: cfg80211: Loading compiled-in X.509 certificates for regulatory database
2026-04-04T23:59:24+00:00 localhost kernel: Loaded X.509 cert 'sforshee: 00b28ddf47aef9cea7'
2026-04-04T23:59:24+00:00 localhost kernel: Loaded X.509 cert 'wens: 61c038651aabdcf94bd0ac7ff06c7248db18c600'
2026-04-04T23:59:24+00:00 localhost kernel: faux_driver regulatory: Direct firmware load for regulatory.db failed with error -2
2026-04-04T23:59:24+00:00 localhost systemd-networkd[631]: Failed to open nftables netlink socket. IPMasquerade= and NFTSet= settings will not be applied. Ignoring: Protocol not supported
2026-04-04T23:59:24+00:00 localhost systemd-networkd[631]: lo: Link UP
2026-04-04T23:59:24+00:00 localhost systemd-networkd[631]: lo: Gained carrier
2026-04-04T23:59:24+00:00 localhost systemd[1]: Started Network Management.
2026-04-04T23:59:24+00:00 localhost systemd[1]: Reached target Network.
2026-04-04T23:59:24+00:00 localhost systemd[1]: Wait for Network to be Online skipped, unmet condition check ConditionPathExists=/run/networkd/initrd/neednet
2026-04-04T23:59:24+00:00 localhost kernel: cfg80211: failed to load regulatory.db
2026-04-04T23:59:24+00:00 localhost systemd[1]: Finished Coldplug All udev Devices.
2026-04-04T23:59:24+00:00 localhost systemd[1]: Starting dracut initqueue hook...
2026-04-04T23:59:24+00:00 localhost systemd[1]: Starting Wait for udev To Complete Device Initialization...
2026-04-04T23:59:24+00:00 localhost systemd[1]: Load Kernel Module configfs skipped, unmet condition check ConditionKernelModuleLoaded=!configfs
2026-04-04T23:59:24+00:00 localhost udevadm[673]: systemd-udev-settle.service is deprecated. Please fix immucore.service not to pull it in.
2026-04-04T23:59:24+00:00 localhost kernel: Floppy drive(s): fd0 is 2.88M AMI BIOS
2026-04-04T23:59:24+00:00 localhost kernel: e1000: Intel(R) PRO/1000 Network Driver
2026-04-04T23:59:24+00:00 localhost kernel: e1000: Copyright (c) 1999-2006 Intel Corporation.
2026-04-04T23:59:24+00:00 localhost kernel: virtio_scsi virtio2: 2/0/0 default/read/poll queues
2026-04-04T23:59:24+00:00 localhost kernel: FDC 0 is a S82078B
2026-04-04T23:59:24+00:00 localhost systemd[1]: systemd-vconsole-setup.service: Deactivated successfully.
2026-04-04T23:59:24+00:00 localhost systemd[1]: Stopped Virtual Console Setup.
2026-04-04T23:59:24+00:00 localhost systemd[1]: Stopping Virtual Console Setup...
2026-04-04T23:59:24+00:00 localhost kernel: ACPI: \_SB_.LNKC: Enabled at IRQ 11
2026-04-04T23:59:24+00:00 localhost systemd[1]: Starting Virtual Console Setup...
2026-04-04T23:59:24+00:00 localhost kernel: scsi host2: Virtio SCSI HBA
2026-04-04T23:59:24+00:00 localhost kernel: scsi 2:0:0:0: CD-ROM            QEMU     QEMU CD-ROM      2.5+ PQ: 0 ANSI: 5
2026-04-04T23:59:24+00:00 localhost kernel: scsi 2:0:1:0: CD-ROM            QEMU     QEMU CD-ROM      2.5+ PQ: 0 ANSI: 5
2026-04-04T23:59:24+00:00 localhost systemd[1]: Mounting Kernel Configuration File System...
2026-04-04T23:59:24+00:00 localhost systemd[1]: Mounted Kernel Configuration File System.
2026-04-04T23:59:24+00:00 localhost kernel: sr 2:0:0:0: Power-on or device reset occurred
2026-04-04T23:59:24+00:00 localhost kernel: sr 2:0:0:0: [sr0] scsi3-mmc drive: 16x/50x cd/rw xa/form2 cdda tray
2026-04-04T23:59:24+00:00 localhost kernel: cdrom: Uniform CD-ROM driver Revision: 3.20
2026-04-04T23:59:24+00:00 localhost systemd[1]: Finished Virtual Console Setup.
2026-04-04T23:59:24+00:00 localhost kernel: sr 2:0:0:0: Attached scsi CD-ROM sr0
2026-04-04T23:59:24+00:00 localhost kernel: sr 2:0:0:0: Attached scsi generic sg0 type 5
2026-04-04T23:59:24+00:00 localhost kernel: sr 2:0:1:0: Power-on or device reset occurred
2026-04-04T23:59:24+00:00 localhost kernel: sr 2:0:1:0: [sr1] scsi3-mmc drive: 16x/50x cd/rw xa/form2 cdda tray
2026-04-04T23:59:24+00:00 localhost kernel: sr 2:0:1:0: Attached scsi CD-ROM sr1
2026-04-04T23:59:24+00:00 localhost kernel: sr 2:0:1:0: Attached scsi generic sg1 type 5
2026-04-04T23:59:24+00:00 localhost kernel: e1000 0000:00:03.0 eth0: (PCI:33MHz:32-bit) 52:54:00:12:34:56
2026-04-04T23:59:24+00:00 localhost kernel: e1000 0000:00:03.0 eth0: Intel(R) PRO/1000 Network Connection
2026-04-04T23:59:24+00:00 localhost systemd-networkd[631]: eth0: Interface name change detected, renamed to ens3.
2026-04-04T23:59:24+00:00 localhost kernel: e1000 0000:00:03.0 ens3: renamed from eth0
2026-04-04T23:59:24+00:00 localhost systemd-networkd[631]: ens3: Configuring with /run/systemd/network/zzzz-dracut-default.network.
2026-04-04T23:59:24+00:00 localhost systemd[1]: Finished Wait for udev To Complete Device Initialization.
2026-04-04T23:59:24+00:00 localhost systemd[1]: Reached target System Initialization.
2026-04-04T23:59:24+00:00 localhost systemd[1]: Reached target Basic System.
2026-04-04T23:59:24+00:00 localhost systemd-networkd[631]: ens3: Link UP
2026-04-04T23:59:24+00:00 localhost systemd[1]: Starting immucore...
2026-04-04T23:59:25+00:00 localhost kairos-immucore[732]: Immucore
2026-04-04T23:59:25+00:00 localhost immucore[732]: 2026-04-04T23:59:25Z INF Immucore commit=ecacb6edaecabdb2d83e6300f8e15849c8775680 compiled_with=go1.26.1 version=v0.13.1
2026-04-04T23:59:25+00:00 localhost kairos-immucore[732]: Booting on active/passive/recovery.
2026-04-04T23:59:25+00:00 localhost immucore[732]: 2026-04-04T23:59:25Z INF Booting on active/passive/recovery.
2026-04-04T23:59:25+00:00 localhost kairos-immucore[732]: Checking OEM encryption status
2026-04-04T23:59:25+00:00 localhost immucore[732]: 2026-04-04T23:59:25Z INF Checking OEM encryption status oem_encrypted=false
2026-04-04T23:59:25+00:00 localhost immucore[732]: 2026-04-04T23:59:25Z INF OEM is NOT encrypted: OEM mount will run before kcrypt unlock
2026-04-04T23:59:25+00:00 localhost kairos-immucore[732]: OEM is NOT encrypted: OEM mount will run before kcrypt unlock
2026-04-04T23:59:25+00:00 localhost immucore[732]: 2026-04-04T23:59:25Z INF 1.
2026-04-04T23:59:25+00:00 localhost immucore[732]:  <init> (background: false) (weak: false) (run: false)
2026-04-04T23:59:25+00:00 localhost immucore[732]: 2.
2026-04-04T23:59:25+00:00 localhost immucore[732]:  <mount-tmpfs> (background: false) (weak: false) (run: false)
2026-04-04T23:59:25+00:00 localhost immucore[732]:  <lvm-activation> (background: false) (weak: false) (run: false)
2026-04-04T23:59:25+00:00 localhost immucore[732]:  <mount-state> (background: false) (weak: false) (run: false)
2026-04-04T23:59:25+00:00 localhost immucore[732]:  <create-sentinel> (background: false) (weak: false) (run: false)
2026-04-04T23:59:25+00:00 localhost immucore[732]: 3.
2026-04-04T23:59:25+00:00 localhost immucore[732]:  <discover-state> (background: false) (weak: false) (run: false)
2026-04-04T23:59:25+00:00 localhost immucore[732]:  <upgrade-kcrypt> (background: false) (weak: false) (run: false)
2026-04-04T23:59:25+00:00 localhost immucore[732]: 4.
2026-04-04T23:59:25+00:00 localhost immucore[732]:  <mount-root> (background: false) (weak: false) (run: false)
2026-04-04T23:59:25+00:00 localhost immucore[732]: 5.
2026-04-04T23:59:25+00:00 localhost immucore[732]:  <mount-oem> (background: false) (weak: false) (run: false)
2026-04-04T23:59:25+00:00 localhost immucore[732]: 6.
2026-04-04T23:59:25+00:00 localhost immucore[732]:  <rootfs-hook> (background: false) (weak: false) (run: false)
2026-04-04T23:59:25+00:00 localhost immucore[732]:  <unlock-all> (background: false) (weak: false) (run: false)
2026-04-04T23:59:25+00:00 localhost immucore[732]: 7.
2026-04-04T23:59:25+00:00 localhost immucore[732]:  <load-config> (background: false) (weak: false) (run: false)
2026-04-04T23:59:25+00:00 localhost immucore[732]: 8.
2026-04-04T23:59:25+00:00 localhost immucore[732]:  <custom-mount> (background: false) (weak: false) (run: false)
2026-04-04T23:59:25+00:00 localhost immucore[732]:  <mount-base-overlay> (background: false) (weak: false) (run: false)
2026-04-04T23:59:25+00:00 localhost immucore[732]: 9.
2026-04-04T23:59:25+00:00 localhost immucore[732]:  <overlay-mount> (background: false) (weak: false) (run: false)
2026-04-04T23:59:25+00:00 localhost immucore[732]: 10.
2026-04-04T23:59:25+00:00 localhost immucore[732]:  <mount-bind> (background: false) (weak: false) (run: false)
2026-04-04T23:59:25+00:00 localhost immucore[732]: 11.
2026-04-04T23:59:25+00:00 localhost immucore[732]:  <enable-sysext-confext> (background: false) (weak: false) (run: false)
2026-04-04T23:59:25+00:00 localhost immucore[732]:  <write-fstab> (background: false) (weak: false) (run: false)
2026-04-04T23:59:25+00:00 localhost immucore[732]: 12.
2026-04-04T23:59:25+00:00 localhost immucore[732]:  <initramfs-hook> (background: false) (weak: false) (run: false)
2026-04-04T23:59:25+00:00 localhost immucore[732]: 
2026-04-04T23:59:25+00:00 localhost kairos-immucore[732]: 1.
                                                           <init> (background: false) (weak: false) (run: false)
                                                          2.
                                                           <mount-tmpfs> (background: false) (weak: false) (run: false)
                                                           <lvm-activation> (background: false) (weak: false) (run: false)
                                                           <mount-state> (background: false) (weak: false) (run: false)
                                                           <create-sentinel> (background: false) (weak: false) (run: false)
                                                          3.
                                                           <discover-state> (background: false) (weak: false) (run: false)
                                                           <upgrade-kcrypt> (background: false) (weak: false) (run: false)
                                                          4.
                                                           <mount-root> (background: false) (weak: false) (run: false)
                                                          5.
                                                           <mount-oem> (background: false) (weak: false) (run: false)
                                                          6.
                                                           <rootfs-hook> (background: false) (weak: false) (run: false)
                                                           <unlock-all> (background: false) (weak: false) (run: false)
                                                          7.
                                                           <load-config> (background: false) (weak: false) (run: false)
                                                          8.
                                                           <custom-mount> (background: false) (weak: false) (run: false)
                                                           <mount-base-overlay> (background: false) (weak: false) (run: false)
                                                          9.
                                                           <overlay-mount> (background: false) (weak: false) (run: false)
                                                          10.
                                                           <mount-bind> (background: false) (weak: false) (run: false)
                                                          11.
                                                           <enable-sysext-confext> (background: false) (weak: false) (run: false)
                                                           <write-fstab> (background: false) (weak: false) (run: false)
                                                          12.
                                                           <initramfs-hook> (background: false) (weak: false) (run: false)
2026-04-04T23:59:25+00:00 localhost immucore[732]: 2026-04-04T23:59:25Z INF Setting sentinel file to=active_mode
2026-04-04T23:59:25+00:00 localhost kairos-immucore[732]: Setting sentinel file
2026-04-04T23:59:26+00:00 localhost kairos-immucore[732]: mount done
2026-04-04T23:59:26+00:00 localhost immucore[732]: 2026-04-04T23:59:26Z INF mount done options=["rw"] type=tmpfs what=tmpfs where=/tmp
2026-04-04T23:59:26+00:00 localhost kernel: EXT4-fs (vda4): orphan cleanup on readonly fs
2026-04-04T23:59:26+00:00 localhost kernel: EXT4-fs (vda4): mounted filesystem 20c088e8-2245-417d-8a3d-91fe2fb918de ro with ordered data mode. Quota mode: none.
2026-04-04T23:59:26+00:00 localhost kairos-immucore[732]: mount done
2026-04-04T23:59:26+00:00 localhost immucore[732]: 2026-04-04T23:59:26Z INF mount done options=["ro"] type=ext4 what=/dev/disk/by-label/COS_STATE where=/sysroot/run/initramfs/cos-state
2026-04-04T23:59:26+00:00 localhost kernel: loop0: detected capacity change from 0 to 888832
2026-04-04T23:59:26+00:00 localhost systemd[1]: Found device /dev/disk/by-label/COS_ACTIVE.
2026-04-04T23:59:26+00:00 localhost systemd[1]: Reached target Initrd Root Device.
2026-04-04T23:59:26+00:00 localhost systemd[1]: Finished dracut initqueue hook.
2026-04-04T23:59:26+00:00 localhost systemd[1]: Reached target Preparation for Remote File Systems.
2026-04-04T23:59:26+00:00 localhost systemd[1]: Reached target Remote Encrypted Volumes.
2026-04-04T23:59:26+00:00 localhost systemd[1]: Reached target Remote File Systems.
2026-04-04T23:59:26+00:00 localhost systemd[1]: Starting dracut pre-mount hook...
2026-04-04T23:59:26+00:00 localhost systemd[1]: Finished dracut pre-mount hook.
2026-04-04T23:59:26+00:00 localhost systemd[1]: Starting File System Check on /dev/disk/by-label/COS_ACTIVE...
2026-04-04T23:59:26+00:00 localhost systemd-fsck[845]: fsck.ext2: Operation not permitted while trying to open /dev/loop0
2026-04-04T23:59:26+00:00 localhost systemd-fsck[845]: You must have r/w access to the filesystem or be root
2026-04-04T23:59:26+00:00 localhost systemd-fsck[841]: fsck failed with exit status 8.
2026-04-04T23:59:26+00:00 localhost systemd-fsck[841]: Ignoring error.
2026-04-04T23:59:26+00:00 localhost systemd[1]: Finished File System Check on /dev/disk/by-label/COS_ACTIVE.
2026-04-04T23:59:26+00:00 localhost systemd[1]: sysroot.mount: Directory /sysroot to mount over is not empty, mounting anyway.
2026-04-04T23:59:26+00:00 localhost systemd[1]: Mounting /sysroot...
2026-04-04T23:59:26+00:00 localhost kernel: EXT4-fs (loop0): mounting ext2 file system using the ext4 subsystem
2026-04-04T23:59:26+00:00 localhost kernel: EXT4-fs (loop0): mounted filesystem 448c888f-6eca-474f-b891-4e078260a0fd ro without journal. Quota mode: none.
2026-04-04T23:59:26+00:00 localhost systemd[1]: Mounted /sysroot.
2026-04-04T23:59:26+00:00 localhost systemd[1]: Reached target Initrd Root File System.
2026-04-04T23:59:26+00:00 localhost systemd[1]: Starting Mountpoints Configured in the Real Root...
2026-04-04T23:59:26+00:00 localhost systemd[1]: initrd-parse-etc.service: Deactivated successfully.
2026-04-04T23:59:26+00:00 localhost systemd[1]: Finished Mountpoints Configured in the Real Root.
2026-04-04T23:59:26+00:00 localhost systemd[1]: initrd-parse-etc.service: Triggering OnSuccess= dependencies.
2026-04-04T23:59:26+00:00 localhost systemd[1]: Starting dracut mount hook...
2026-04-04T23:59:26+00:00 localhost systemd[1]: Finished dracut mount hook.
2026-04-04T23:59:26+00:00 localhost kernel: e1000: ens3 NIC Link is Up 1000 Mbps Full Duplex, Flow Control: RX
2026-04-04T23:59:26+00:00 localhost systemd-networkd[631]: ens3: Gained carrier
2026-04-04T23:59:27+00:00 localhost kairos-immucore[732]: mount done
2026-04-04T23:59:27+00:00 localhost immucore[732]: 2026-04-04T23:59:27Z INF mount done options=["ro","suid","dev","exec","async"] type=ext4 what=/dev/disk/by-label/COS_ACTIVE where=/sysroot
2026-04-04T23:59:27+00:00 localhost systemd-networkd[631]: ens3: DHCPv4 address 10.0.2.15/24, gateway 10.0.2.2 acquired from 10.0.2.2
2026-04-04T23:59:28+00:00 localhost systemd-networkd[631]: ens3: Gained IPv6LL
2026-04-04T23:59:28+00:00 localhost kairos-immucore[732]: mount done
2026-04-04T23:59:28+00:00 localhost kairos-immucore[732]: Running rootfs stage
2026-04-04T23:59:28+00:00 localhost kernel: EXT4-fs (vda2): mounted filesystem 9dd4a6b2-bbc4-4656-bf3c-3959a1983a4a r/w with ordered data mode. Quota mode: none.
2026-04-04T23:59:28+00:00 localhost immucore[732]: 2026-04-04T23:59:28Z INF mount done options=["rw","suid","dev","exec","async"] type=ext4 what=/dev/disk/by-label/COS_OEM where=/sysroot/oem
2026-04-04T23:59:28+00:00 localhost immucore[732]: 2026-04-04T23:59:28Z INF Running rootfs stage
2026-04-04T23:59:28+00:00 localhost immucore[732]: 2026-04-04T23:59:28Z INF Running stage: rootfs.before
2026-04-04T23:59:28+00:00 localhost immucore[732]: 
2026-04-04T23:59:28+00:00 localhost kairos-immucore[732]: Running stage: rootfs.before
2026-04-04T23:59:28+00:00 localhost kairos-immucore[732]: (conditional) Skip 'Skipping stage (if statement error: failed to run [ -d /oem/userdata ] && [ ! -d /oem/95_userdata ]: exit status 1)' stage name: Datasource handling.Move old datasource to new location
2026-04-04T23:59:28+00:00 localhost immucore[732]: 2026-04-04T23:59:28Z WRN (conditional) Skip 'Skipping stage (if statement error: failed to run [ -d /oem/userdata ] && [ ! -d /oem/95_userdata ]: exit status 1)' stage name: Datasource handling.Move old datasource to new location
2026-04-04T23:59:28+00:00 localhost immucore[732]: 2026-04-04T23:59:28Z INF Processing stage step 'Default network configuration.Enable systemd-network config files for DHCP'. ( commands: 1, files: 2, ... )
2026-04-04T23:59:28+00:00 localhost immucore[732]: 2026-04-04T23:59:28Z ERR Error on file /system/oem/05_network.yaml on stage Enable systemd-network config files for DHCP: 1 error occurred:
2026-04-04T23:59:28+00:00 localhost immucore[732]:         * failed to run networkctl reload: exit status 127
2026-04-04T23:59:28+00:00 localhost immucore[732]: 
2026-04-04T23:59:28+00:00 localhost immucore[732]: 2026-04-04T23:59:28Z INF Running layout plugin
2026-04-04T23:59:28+00:00 localhost immucore[732]: 2026-04-04T23:59:28Z WRN (conditional) Skip 'Skipping stage (if statement error: failed to run [ -d /oem/userdata ] && [ -d /oem/95_userdata ]: exit status 1)' stage name: Datasource handling.Remove old userdata
2026-04-04T23:59:28+00:00 localhost kairos-immucore[732]: Processing stage step 'Default network configuration.Enable systemd-network config files for DHCP'. ( commands: 1, files: 2, ... )
2026-04-04T23:59:28+00:00 localhost immucore[732]: 2026-04-04T23:59:28Z INF Processing stage step 'Datasource handling.Pull data from provider'. ( commands: 0, files: 0, ... )
2026-04-04T23:59:28+00:00 localhost kairos-immucore[732]: Error on file /system/oem/05_network.yaml on stage Enable systemd-network config files for DHCP: 1 error occurred:
                                                                  * failed to run networkctl reload: exit status 127
                                                          
2026-04-04T23:59:28+00:00 localhost kairos-immucore[732]: Running layout plugin
2026-04-04T23:59:28+00:00 localhost kairos-immucore[732]: (conditional) Skip 'Skipping stage (if statement error: failed to run [ -d /oem/userdata ] && [ -d /oem/95_userdata ]: exit status 1)' stage name: Datasource handling.Remove old userdata
2026-04-04T23:59:28+00:00 localhost kairos-immucore[732]: Processing stage step 'Datasource handling.Pull data from provider'. ( commands: 0, files: 0, ... )
2026-04-04T23:59:28+00:00 localhost kernel: I/O error, dev fd0, sector 0 op 0x0:(READ) flags 0x0 phys_seg 1 prio class 2
2026-04-04T23:59:28+00:00 localhost kernel: floppy: error 10 while reading block 0
2026-04-04T23:59:28+00:00 localhost kernel: ISO 9660 Extensions: Microsoft Joliet Level 3
2026-04-04T23:59:28+00:00 localhost kernel: ISO 9660 Extensions: RRIP_1991A
2026-04-04T23:59:28+00:00 localhost kernel: ISO 9660 Extensions: IEEE_P1282
2026-04-04T23:59:28+00:00 localhost systemd[1]: tmp-cd1627904268.mount: Deactivated successfully.
2026-04-04T23:59:28+00:00 localhost kernel: I/O error, dev fd0, sector 0 op 0x0:(READ) flags 0x0 phys_seg 1 prio class 2
2026-04-04T23:59:28+00:00 localhost kernel: floppy: error 10 while reading block 0
2026-04-04T23:59:28+00:00 localhost kernel: ISO 9660 Extensions: Microsoft Joliet Level 3
2026-04-04T23:59:28+00:00 localhost kernel: ISO 9660 Extensions: RRIP_1991A
2026-04-04T23:59:28+00:00 localhost kernel: ISO 9660 Extensions: IEEE_P1282
2026-04-04T23:59:28+00:00 localhost kairos-immucore[732]: Running layout plugin
2026-04-04T23:59:28+00:00 localhost immucore[732]: 2026-04-04T23:59:28Z INF Running layout plugin
2026-04-04T23:59:28+00:00 localhost immucore[732]: 2026-04-04T23:59:28Z WRN (conditional) Skip 'Skipping stage (if statement error: failed to run [ ! -e /oem/95_userdata ]: exit status 1)' stage name: Datasource handling.Sentinel file for userdata
2026-04-04T23:59:28+00:00 localhost kairos-immucore[732]: (conditional) Skip 'Skipping stage (if statement error: failed to run [ ! -e /oem/95_userdata ]: exit status 1)' stage name: Datasource handling.Sentinel file for userdata
2026-04-04T23:59:28+00:00 localhost immucore[732]: 2026-04-04T23:59:28Z INF Done executing stage 'rootfs.before'
2026-04-04T23:59:28+00:00 localhost immucore[732]: 
2026-04-04T23:59:28+00:00 localhost immucore[732]: 2026-04-04T23:59:28Z INF Running stage: rootfs
2026-04-04T23:59:28+00:00 localhost immucore[732]: 
2026-04-04T23:59:28+00:00 localhost immucore[732]: 2026-04-04T23:59:28Z INF Processing stage step 'Rootfs Layout Settings.Layout configuration for active/passive mode'. ( commands: 0, files: 0, ... )
2026-04-04T23:59:28+00:00 localhost kairos-immucore[732]: Done executing stage 'rootfs.before'
2026-04-04T23:59:28+00:00 localhost immucore[732]: 2026-04-04T23:59:28Z INF Running layout plugin
2026-04-04T23:59:28+00:00 localhost immucore[732]: 2026-04-04T23:59:28Z WRN (conditional) Skip 'Skipping stage (if statement error: failed to run [ -e "/run/cos/recovery_mode" ] || [ -e "/run/cos/autoreset_mode" ]: exit status 1)' stage name: Rootfs Layout Settings.Layout configuration for recovery/autoreset mode
2026-04-04T23:59:28+00:00 localhost immucore[732]: 2026-04-04T23:59:28Z WRN (conditional) Skip 'Skipping stage (if statement error: failed to run [ -e "/run/cos/uki_install_mode" ]: exit status 1)' stage name: Rootfs Layout Settings.Layout configuration for UKI installer
2026-04-04T23:59:28+00:00 localhost immucore[732]: 2026-04-04T23:59:28Z INF Processing stage step 'Rootfs Layout Settings.Mask the commit service to avoid systemd messing with machine-id'. ( commands: 0, files: 0, ... )
2026-04-04T23:59:28+00:00 localhost kairos-immucore[732]: Running stage: rootfs
2026-04-04T23:59:28+00:00 localhost kairos-immucore[732]: Processing stage step 'Rootfs Layout Settings.Layout configuration for active/passive mode'. ( commands: 0, files: 0, ... )
2026-04-04T23:59:28+00:00 localhost kairos-immucore[732]: Running layout plugin
2026-04-04T23:59:28+00:00 localhost kairos-immucore[732]: (conditional) Skip 'Skipping stage (if statement error: failed to run [ -e "/run/cos/recovery_mode" ] || [ -e "/run/cos/autoreset_mode" ]: exit status 1)' stage name: Rootfs Layout Settings.Layout configuration for recovery/autoreset mode
2026-04-04T23:59:28+00:00 localhost kairos-immucore[732]: (conditional) Skip 'Skipping stage (if statement error: failed to run [ -e "/run/cos/uki_install_mode" ]: exit status 1)' stage name: Rootfs Layout Settings.Layout configuration for UKI installer
2026-04-04T23:59:28+00:00 localhost kairos-immucore[732]: Processing stage step 'Rootfs Layout Settings.Mask the commit service to avoid systemd messing with machine-id'. ( commands: 0, files: 0, ... )
2026-04-04T23:59:28+00:00 localhost systemd[1]: Reload requested from client PID 908 ('systemctl') (unit immucore.service)...
2026-04-04T23:59:28+00:00 localhost systemd[1]: Reloading...
2026-04-04T23:59:28+00:00 localhost systemd[1]: Reloading finished in 391 ms.
2026-04-04T23:59:29+00:00 localhost kairos-immucore[732]: Running layout plugin
2026-04-04T23:59:29+00:00 localhost immucore[732]: 2026-04-04T23:59:29Z INF Running layout plugin
2026-04-04T23:59:29+00:00 localhost immucore[732]: 2026-04-04T23:59:29Z WRN (conditional) Skip 'OnlyIfOs regex (Ubuntu.*|Debian.*) doesn't match os name Hadron Linux dracut-110 (Initramfs)' stage name: Extra binds for specific distros.Extra layout configuration for active/passive mode (Ubuntu/Debian)
2026-04-04T23:59:29+00:00 localhost kairos-immucore[732]: (conditional) Skip 'OnlyIfOs regex (Ubuntu.*|Debian.*) doesn't match os name Hadron Linux dracut-110 (Initramfs)' stage name: Extra binds for specific distros.Extra layout configuration for active/passive mode (Ubuntu/Debian)
2026-04-04T23:59:29+00:00 localhost immucore[732]: 2026-04-04T23:59:29Z WRN (conditional) Skip 'OnlyIfOs regex (Red.*Hat.*|CentOS.*|Fedora.*|Rocky.*|AlmaLinux.*|SLES.*|[Oo]penSUSE.*|SUSE.*) doesn't match os name Hadron Linux dracut-110 (Initramfs)' stage name: Extra binds for specific distros.Extra layout configuration for active/passive mode
2026-04-04T23:59:29+00:00 localhost immucore[732]: 2026-04-04T23:59:29Z INF Done executing stage 'rootfs'
2026-04-04T23:59:29+00:00 localhost immucore[732]: 
2026-04-04T23:59:29+00:00 localhost immucore[732]: 2026-04-04T23:59:29Z INF Running stage: rootfs.after
2026-04-04T23:59:29+00:00 localhost immucore[732]: 
2026-04-04T23:59:29+00:00 localhost kairos-immucore[732]: (conditional) Skip 'OnlyIfOs regex (Red.*Hat.*|CentOS.*|Fedora.*|Rocky.*|AlmaLinux.*|SLES.*|[Oo]penSUSE.*|SUSE.*) doesn't match os name Hadron Linux dracut-110 (Initramfs)' stage name: Extra binds for specific distros.Extra layout configuration for active/passive mode
2026-04-04T23:59:29+00:00 localhost immucore[732]: 2026-04-04T23:59:29Z WRN (conditional) Skip 'Skipping stage (if statement error: failed to run [ -r /run/cos/custom-layout.env ] && [ ! -f "/run/cos/recovery_mode" ] && [ ! -f /run/cos/live_mode ]: exit status 1)' stage name: Rootfs Layout Settings.add custom bind and ephemeral mounts to /run/cos/cos-layout.env
2026-04-04T23:59:29+00:00 localhost immucore[732]: 2026-04-04T23:59:29Z INF Processing stage step 'Rootfs Layout Settings.Grow persistent'. ( commands: 0, files: 0, ... )
2026-04-04T23:59:29+00:00 localhost immucore[732]: 2026-04-04T23:59:29Z INF Running layout plugin
2026-04-04T23:59:29+00:00 localhost immucore[732]: Deriving parent disk for block device /dev/vda5
2026-04-04T23:59:29+00:00 localhost immucore[732]: Deriving parent disk for block device /sys/class/block/vda5
2026-04-04T23:59:29+00:00 localhost immucore[732]: 2026-04-04T23:59:29Z ERR not enough free space in disk: need 3429 MiB, available 1 MiB
2026-04-04T23:59:29+00:00 localhost immucore[732]: 2026-04-04T23:59:29Z ERR Error on file /system/oem/00_rootfs.yaml on stage Grow persistent: not enough free space in disk: need 3429 MiB, available 1 MiB
2026-04-04T23:59:29+00:00 localhost immucore[732]: 2026-04-04T23:59:29Z INF Done executing stage 'rootfs.after'
2026-04-04T23:59:29+00:00 localhost immucore[732]: 
2026-04-04T23:59:29+00:00 localhost immucore[732]: 2026-04-04T23:59:29Z INF Running stage: rootfs.before
2026-04-04T23:59:29+00:00 localhost immucore[732]: 
2026-04-04T23:59:29+00:00 localhost immucore[732]: 2026-04-04T23:59:29Z INF Done executing stage 'rootfs.before'
2026-04-04T23:59:29+00:00 localhost immucore[732]: 
2026-04-04T23:59:29+00:00 localhost immucore[732]: 2026-04-04T23:59:29Z INF Running stage: rootfs
2026-04-04T23:59:29+00:00 localhost immucore[732]: 
2026-04-04T23:59:29+00:00 localhost immucore[732]: 2026-04-04T23:59:29Z INF Done executing stage 'rootfs'
2026-04-04T23:59:29+00:00 localhost immucore[732]: 
2026-04-04T23:59:29+00:00 localhost immucore[732]: 2026-04-04T23:59:29Z INF Running stage: rootfs.after
2026-04-04T23:59:29+00:00 localhost immucore[732]: 
2026-04-04T23:59:29+00:00 localhost immucore[732]: 2026-04-04T23:59:29Z INF Done executing stage 'rootfs.after'
2026-04-04T23:59:29+00:00 localhost immucore[732]: 
2026-04-04T23:59:29+00:00 localhost kairos-immucore[732]: Done executing stage 'rootfs'
2026-04-04T23:59:29+00:00 localhost kairos-immucore[732]: Running stage: rootfs.after
2026-04-04T23:59:29+00:00 localhost kairos-immucore[732]: (conditional) Skip 'Skipping stage (if statement error: failed to run [ -r /run/cos/custom-layout.env ] && [ ! -f "/run/cos/recovery_mode" ] && [ ! -f /run/cos/live_mode ]: exit status 1)' stage name: Rootfs Layout Settings.add custom bind and ephemeral mounts to /run/cos/cos-layout.env
2026-04-04T23:59:29+00:00 localhost kairos-immucore[732]: Processing stage step 'Rootfs Layout Settings.Grow persistent'. ( commands: 0, files: 0, ... )
2026-04-04T23:59:29+00:00 localhost kairos-immucore[732]: Running layout plugin
2026-04-04T23:59:29+00:00 localhost kairos-immucore[732]: not enough free space in disk: need 3429 MiB, available 1 MiB
2026-04-04T23:59:29+00:00 localhost kairos-immucore[732]: Error on file /system/oem/00_rootfs.yaml on stage Grow persistent: not enough free space in disk: need 3429 MiB, available 1 MiB
2026-04-04T23:59:29+00:00 localhost kairos-immucore[732]: Done executing stage 'rootfs.after'
2026-04-04T23:59:29+00:00 localhost kairos-immucore[732]: Running stage: rootfs.before
2026-04-04T23:59:29+00:00 localhost kairos-immucore[732]: Done executing stage 'rootfs.before'
2026-04-04T23:59:29+00:00 localhost kairos-immucore[732]: Running stage: rootfs
2026-04-04T23:59:29+00:00 localhost kairos-immucore[732]: Done executing stage 'rootfs'
2026-04-04T23:59:29+00:00 localhost kairos-immucore[732]: Running stage: rootfs.after
2026-04-04T23:59:29+00:00 localhost kairos-immucore[732]: Done executing stage 'rootfs.after'
2026-04-04T23:59:30+00:00 localhost kairos-immucore[732]: mount done
2026-04-04T23:59:30+00:00 localhost kernel: EXT4-fs (vda5): mounted filesystem eea31f06-063e-42b5-80a4-bcbd6cbe87c2 r/w with ordered data mode. Quota mode: none.
2026-04-04T23:59:30+00:00 localhost immucore[732]: 2026-04-04T23:59:30Z INF mount done options=["rw"] type=ext4 what=/dev/disk/by-label/COS_PERSISTENT where=/sysroot/usr/local
2026-04-04T23:59:30+00:00 localhost immucore[732]: 2026-04-04T23:59:30Z WRN
2026-04-04T23:59:30+00:00 localhost kairos-immucore[732]: 
2026-04-04T23:59:31+00:00 localhost kairos-immucore[732]: 
2026-04-04T23:59:31+00:00 localhost immucore[732]: 2026-04-04T23:59:31Z WRN
2026-04-04T23:59:31+00:00 localhost kairos-immucore[732]: Running initramfs stage
2026-04-04T23:59:31+00:00 localhost immucore[732]: 2026-04-04T23:59:31Z INF Running initramfs stage
2026-04-04T23:59:31+00:00 localhost kairos-immucore[732]: Running stage: initramfs.before
2026-04-04T23:59:31+00:00 localhost immucore[732]: 2026-04-04T23:59:31Z INF Running stage: initramfs.before
2026-04-04T23:59:31+00:00 localhost immucore[732]: 
2026-04-04T23:59:31+00:00 localhost kairos-immucore[732]: (conditional) Skip 'service manager doesn't match openrc' stage name: /system/oem/29_blacklist.yaml.Blacklist bpfilter on Alpine ( bug: https://github.com/kairos-io/kairos/issues/277 )
2026-04-04T23:59:31+00:00 localhost immucore[732]: 2026-04-04T23:59:31Z WRN (conditional) Skip 'service manager doesn't match openrc' stage name: /system/oem/29_blacklist.yaml.Blacklist bpfilter on Alpine ( bug: https://github.com/kairos-io/kairos/issues/277 )
2026-04-04T23:59:31+00:00 localhost kairos-immucore[732]: (conditional) Skip 'Skipping stage (if statement error: failed to run [ -f "/proc/device-tree/model" ] && grep -i "Raspberry Pi" "/proc/device-tree/model": exit status 1)' stage name: RPI configs.Set a safe date before user creation for RPI without hardware clocks
2026-04-04T23:59:31+00:00 localhost immucore[732]: 2026-04-04T23:59:31Z WRN (conditional) Skip 'Skipping stage (if statement error: failed to run [ -f "/proc/device-tree/model" ] && grep -i "Raspberry Pi" "/proc/device-tree/model": exit status 1)' stage name: RPI configs.Set a safe date before user creation for RPI without hardware clocks
2026-04-04T23:59:31+00:00 localhost immucore[732]: 2026-04-04T23:59:31Z WRN (conditional) Skip 'Skipping stage (if statement error: failed to run [ -d /oem/userdata ] && [ ! -d /oem/95_userdata ]: exit status 1)' stage name: Datasource handling.Move old datasource to new location
2026-04-04T23:59:31+00:00 localhost immucore[732]: 2026-04-04T23:59:31Z WRN (conditional) Skip 'Skipping stage (if statement error: failed to run [ -f "/proc/device-tree/model" ] && grep -i "Orin NX" "/proc/device-tree/model": exit status 1)' stage name: L4T RootFS Prep for Orin NX.Apply NVIDIA binaries
2026-04-04T23:59:31+00:00 localhost immucore[732]: 2026-04-04T23:59:31Z WRN (conditional) Skip 'Skipping stage (if statement error: failed to run [ -d /oem/userdata ] && [ -d /oem/95_userdata ]: exit status 1)' stage name: Datasource handling.Remove old userdata
2026-04-04T23:59:31+00:00 localhost immucore[732]: 2026-04-04T23:59:31Z WRN (conditional) Skip 'Skipping stage (if statement error: failed to run [ ! -e /oem/95_userdata ] && ([ ! -f /run/cos/uki_boot_mode ] || grep -q "kairos.pull_datasources" /proc/cmdline ): exit status 1)' stage name: Datasource handling.Pull data from provider
2026-04-04T23:59:31+00:00 localhost immucore[732]: 2026-04-04T23:59:31Z WRN (conditional) Skip 'Skipping stage (if statement error: failed to run [ ! -e /oem/95_userdata ]: exit status 1)' stage name: Datasource handling.3
2026-04-04T23:59:31+00:00 localhost immucore[732]: 2026-04-04T23:59:31Z INF Done executing stage 'initramfs.before'
2026-04-04T23:59:31+00:00 localhost immucore[732]: 
2026-04-04T23:59:31+00:00 localhost immucore[732]: 2026-04-04T23:59:31Z INF Running stage: initramfs
2026-04-04T23:59:31+00:00 localhost immucore[732]: 
2026-04-04T23:59:31+00:00 localhost kairos-immucore[732]: (conditional) Skip 'Skipping stage (if statement error: failed to run [ -d /oem/userdata ] && [ ! -d /oem/95_userdata ]: exit status 1)' stage name: Datasource handling.Move old datasource to new location
2026-04-04T23:59:31+00:00 localhost immucore[732]: 2026-04-04T23:59:31Z INF Processing stage step 'Rootfs Layout Settings.Create journalctl /var/log/journal dir'. ( commands: 0, files: 0, ... )
2026-04-04T23:59:31+00:00 localhost immucore[732]: 2026-04-04T23:59:31Z INF Running layout plugin
2026-04-04T23:59:31+00:00 localhost immucore[732]: 2026-04-04T23:59:31Z INF Processing stage step 'Default network configuration.Enable systemd-network config files for DHCP'. ( commands: 1, files: 2, ... )
2026-04-04T23:59:31+00:00 localhost immucore[732]: 2026-04-04T23:59:31Z INF Processing stage step 'Start agent.0'. ( commands: 1, files: 1, ... )
2026-04-04T23:59:31+00:00 localhost immucore[732]: 2026-04-04T23:59:31Z INF Processing stage step '/system/oem/31_hosts.yaml.Ensure persistent hosts file'. ( commands: 2, files: 1, ... )
2026-04-04T23:59:31+00:00 localhost immucore[732]: 2026-04-04T23:59:31Z WRN (conditional) Skip 'Skipping stage (if statement error: failed to run [ -f "/sys/firmware/devicetree/base/model" ] && grep -i jetson "/sys/firmware/devicetree/base/model"
2026-04-04T23:59:31+00:00 localhost immucore[732]: : exit status 1)' stage name: Nvidia jetson specific files.Create files
2026-04-04T23:59:31+00:00 localhost immucore[732]: 2026-04-04T23:59:31Z INF Processing stage step 'Default config.Generate host keys'. ( commands: 1, files: 0, ... )
2026-04-04T23:59:31+00:00 localhost immucore[732]: 2026-04-04T23:59:31Z ERR mkdir /usr/local/etc/: file exists
2026-04-04T23:59:31+00:00 localhost immucore[732]: 2026-04-04T23:59:31Z ERR Error on file /system/oem/31_hosts.yaml on stage Ensure persistent hosts file: 1 error occurred:
2026-04-04T23:59:31+00:00 localhost immucore[732]:         * mkdir /usr/local/etc/: file exists
2026-04-04T23:59:31+00:00 localhost immucore[732]: 
2026-04-04T23:59:31+00:00 localhost kairos-immucore[732]: (conditional) Skip 'Skipping stage (if statement error: failed to run [ -f "/proc/device-tree/model" ] && grep -i "Orin NX" "/proc/device-tree/model": exit status 1)' stage name: L4T RootFS Prep for Orin NX.Apply NVIDIA binaries
2026-04-04T23:59:31+00:00 localhost immucore[732]: 2026-04-04T23:59:31Z WRN (conditional) Skip 'Skipping stage (if statement error: failed to run (grep -qv "interactive-install" /proc/cmdline || grep -qv "install-mode-interactive" /proc/cmdline ) && \
2026-04-04T23:59:31+00:00 localhost immucore[732]: ([ -f /run/cos/live_mode ] || [ -f /run/cos/uki_install_mode ])
2026-04-04T23:59:31+00:00 localhost immucore[732]: : exit status 1)' stage name: Root autologin.0
2026-04-04T23:59:31+00:00 localhost kairos-immucore[732]: (conditional) Skip 'Skipping stage (if statement error: failed to run [ -d /oem/userdata ] && [ -d /oem/95_userdata ]: exit status 1)' stage name: Datasource handling.Remove old userdata
2026-04-04T23:59:31+00:00 localhost kairos-immucore[732]: (conditional) Skip 'Skipping stage (if statement error: failed to run [ ! -e /oem/95_userdata ] && ([ ! -f /run/cos/uki_boot_mode ] || grep -q "kairos.pull_datasources" /proc/cmdline ): exit status 1)' stage name: Datasource handling.Pull data from provider
2026-04-04T23:59:31+00:00 localhost kairos-immucore[732]: (conditional) Skip 'Skipping stage (if statement error: failed to run [ ! -e /oem/95_userdata ]: exit status 1)' stage name: Datasource handling.3
2026-04-04T23:59:31+00:00 localhost kairos-immucore[732]: Done executing stage 'initramfs.before'
2026-04-04T23:59:31+00:00 localhost kairos-immucore[732]: Running stage: initramfs
2026-04-04T23:59:31+00:00 localhost kairos-immucore[732]: Processing stage step 'Rootfs Layout Settings.Create journalctl /var/log/journal dir'. ( commands: 0, files: 0, ... )
2026-04-04T23:59:31+00:00 localhost kairos-immucore[732]: Running layout plugin
2026-04-04T23:59:31+00:00 localhost kairos-immucore[732]: Processing stage step 'Default network configuration.Enable systemd-network config files for DHCP'. ( commands: 1, files: 2, ... )
2026-04-04T23:59:31+00:00 localhost kairos-immucore[732]: Processing stage step 'Start agent.0'. ( commands: 1, files: 1, ... )
2026-04-04T23:59:31+00:00 localhost kairos-immucore[732]: Processing stage step '/system/oem/31_hosts.yaml.Ensure persistent hosts file'. ( commands: 2, files: 1, ... )
2026-04-04T23:59:31+00:00 localhost kairos-immucore[732]: (conditional) Skip 'Skipping stage (if statement error: failed to run [ -f "/sys/firmware/devicetree/base/model" ] && grep -i jetson "/sys/firmware/devicetree/base/model"
                                                          : exit status 1)' stage name: Nvidia jetson specific files.Create files
2026-04-04T23:59:31+00:00 localhost kairos-immucore[732]: Processing stage step 'Default config.Generate host keys'. ( commands: 1, files: 0, ... )
2026-04-04T23:59:31+00:00 localhost kairos-immucore[732]: mkdir /usr/local/etc/: file exists
2026-04-04T23:59:31+00:00 localhost kairos-immucore[732]: Error on file /system/oem/31_hosts.yaml on stage Ensure persistent hosts file: 1 error occurred:
                                                                  * mkdir /usr/local/etc/: file exists
                                                          
2026-04-04T23:59:31+00:00 localhost kairos-immucore[732]: (conditional) Skip 'Skipping stage (if statement error: failed to run (grep -qv "interactive-install" /proc/cmdline || grep -qv "install-mode-interactive" /proc/cmdline ) && \
                                                          ([ -f /run/cos/live_mode ] || [ -f /run/cos/uki_install_mode ])
                                                          : exit status 1)' stage name: Root autologin.0
2026-04-04T23:59:32+00:00 localhost kairos-immucore[732]: Running layout plugin
2026-04-04T23:59:32+00:00 localhost immucore[732]: 2026-04-04T23:59:32Z INF Running layout plugin
2026-04-04T23:59:32+00:00 localhost kairos-immucore[732]: Running layout plugin
2026-04-04T23:59:32+00:00 localhost immucore[732]: 2026-04-04T23:59:32Z INF Running layout plugin
2026-04-04T23:59:32+00:00 localhost immucore[732]: 2026-04-04T23:59:32Z INF Running layout plugin
2026-04-04T23:59:32+00:00 localhost kairos-immucore[732]: Running layout plugin
2026-04-04T23:59:32+00:00 localhost kairos-immucore[732]: Running layout plugin
2026-04-04T23:59:32+00:00 localhost immucore[732]: 2026-04-04T23:59:32Z INF Running layout plugin
2026-04-04T23:59:32+00:00 localhost immucore[732]: 2026-04-04T23:59:32Z WRN (conditional) Skip 'Skipping stage (if statement error: failed to run (grep -qv "interactive-install" /proc/cmdline || grep -qv "install-mode-interactive" /proc/cmdline) && \
2026-04-04T23:59:32+00:00 localhost immucore[732]: [ -f /run/cos/live_mode ]
2026-04-04T23:59:32+00:00 localhost immucore[732]: : exit status 1)' stage name: Root autologin.Autologin on livecd for OpenRC
2026-04-04T23:59:32+00:00 localhost immucore[732]: 2026-04-04T23:59:32Z INF Processing stage step 'Notify Kairos Plugins of Elemental Events.0'. ( commands: 1, files: 0, ... )
2026-04-04T23:59:32+00:00 localhost immucore[732]: 2026-04-04T23:59:32Z WRN (conditional) Skip 'OnlyIfOs regex ([Oo]penSUSE.*|SUSE.*) doesn't match os name Hadron Linux' stage name: Default network configuration.Disable NetworkManager and wicked
2026-04-04T23:59:32+00:00 localhost immucore[732]: 2026-04-04T23:59:32Z WRN (conditional) Skip 'service manager doesn't match openrc' stage name: Create openrc services.Create OpenRC services
2026-04-04T23:59:32+00:00 localhost immucore[732]: 2026-04-04T23:59:32Z WRN (conditional) Skip 'Skipping stage (if statement error: failed to run [ ! -f "/run/cos/recovery_mode" ] && [ ! -d /usr/local/etc ]: exit status 1)' stage name: /system/oem/31_hosts.yaml.Ensure persistent /etc/ directory
2026-04-04T23:59:32+00:00 localhost immucore[732]: 2026-04-04T23:59:32Z WRN (conditional) Skip 'Skipping stage (if statement error: failed to run [ ! -f "/run/cos/recovery_mode" ] && [ -s /usr/local/etc/machine-id ]: exit status 1)' stage name: Rootfs Layout Settings.Restore /etc/machine-id for systemd systems
2026-04-04T23:59:32+00:00 localhost kairos-immucore[732]: (conditional) Skip 'Skipping stage (if statement error: failed to run (grep -qv "interactive-install" /proc/cmdline || grep -qv "install-mode-interactive" /proc/cmdline) && \
                                                          [ -f /run/cos/live_mode ]
                                                          : exit status 1)' stage name: Root autologin.Autologin on livecd for OpenRC
2026-04-04T23:59:32+00:00 localhost kairos-immucore[732]: Processing stage step 'Notify Kairos Plugins of Elemental Events.0'. ( commands: 1, files: 0, ... )
2026-04-04T23:59:32+00:00 localhost kairos-immucore[732]: (conditional) Skip 'OnlyIfOs regex ([Oo]penSUSE.*|SUSE.*) doesn't match os name Hadron Linux' stage name: Default network configuration.Disable NetworkManager and wicked
2026-04-04T23:59:32+00:00 localhost kairos-immucore[732]: (conditional) Skip 'service manager doesn't match openrc' stage name: Create openrc services.Create OpenRC services
2026-04-04T23:59:32+00:00 localhost kairos-immucore[732]: (conditional) Skip 'Skipping stage (if statement error: failed to run [ ! -f "/run/cos/recovery_mode" ] && [ ! -d /usr/local/etc ]: exit status 1)' stage name: /system/oem/31_hosts.yaml.Ensure persistent /etc/ directory
2026-04-04T23:59:32+00:00 localhost kairos-immucore[732]: (conditional) Skip 'Skipping stage (if statement error: failed to run [ ! -f "/run/cos/recovery_mode" ] && [ -s /usr/local/etc/machine-id ]: exit status 1)' stage name: Rootfs Layout Settings.Restore /etc/machine-id for systemd systems
2026-04-04T23:59:32+00:00 localhost kairos-agent[1731]: Kairos Agent
2026-04-04T23:59:32+00:00 localhost kairos-agent[1731]: Boot Mode
2026-04-04T23:59:32+00:00 localhost kairos-agent[1731]: Boot in uki mode
2026-04-04T23:59:32+00:00 localhost kairos-immucore[732]: Running layout plugin
2026-04-04T23:59:32+00:00 localhost kairos-immucore[732]: Processing stage step 'Rootfs Layout Settings.Ensure /etc/machine-id for systemd systems'. ( commands: 1, files: 0, ... )
2026-04-04T23:59:32+00:00 localhost immucore[732]: 2026-04-04T23:59:32Z INF Running layout plugin
2026-04-04T23:59:32+00:00 localhost immucore[732]: 2026-04-04T23:59:32Z INF Processing stage step 'Rootfs Layout Settings.Ensure /etc/machine-id for systemd systems'. ( commands: 1, files: 0, ... )
2026-04-04T23:59:32+00:00 localhost immucore[732]: 2026-04-04T23:59:32Z WRN (conditional) Skip 'service manager doesn't match openrc' stage name: Create openrc services.Enable OpenRC services
2026-04-04T23:59:32+00:00 localhost immucore[732]: 2026-04-04T23:59:32Z INF Processing stage step '/system/oem/31_hosts.yaml.Ensure persistent hostname'. ( commands: 2, files: 1, ... )
